Archive member included because of file (symbol)

C:/Freescale/CW MCU v10.6/MCU/ARM_GCC_Support/ewl/lib/armv6-m\libc.a(snprintf.o)
                              ./Sources/main.o (snprintf)
C:/Freescale/CW MCU v10.6/MCU/ARM_GCC_Support/ewl/lib/armv6-m\libc.a(vsnprintf.o)
                              C:/Freescale/CW MCU v10.6/MCU/ARM_GCC_Support/ewl/lib/armv6-m\libc.a(snprintf.o) (vsnprintf)
C:/Freescale/CW MCU v10.6/MCU/ARM_GCC_Support/ewl/lib/armv6-m\libc.a(exit.o)
                              ./Project_Settings/Startup_Code/__arm_start.o (exit)
C:/Freescale/CW MCU v10.6/MCU/ARM_GCC_Support/ewl/lib/armv6-m\libc.a(memcpy.o)
                              C:/Freescale/CW MCU v10.6/MCU/ARM_GCC_Support/ewl/lib/armv6-m\libc.a(vsnprintf.o) (memcpy)
C:/Freescale/CW MCU v10.6/MCU/ARM_GCC_Support/ewl/lib/armv6-m\libc.a(memset.o)
                              ./Project_Settings/Startup_Code/__arm_start.o (memset)
C:/Freescale/CW MCU v10.6/MCU/ARM_GCC_Support/ewl/lib/armv6-m\libc.a(printformat_.o)
                              (__pformatter_)
C:/Freescale/CW MCU v10.6/MCU/ARM_GCC_Support/ewl/lib/armv6-m\libc.a(scanformat_.o)
                              (__sformatter)
C:/Freescale/CW MCU v10.6/MCU/ARM_GCC_Support/ewl/lib/armv6-m\libc.a(ctype_aeabi.o)
                              C:/Freescale/CW MCU v10.6/MCU/ARM_GCC_Support/ewl/lib/armv6-m\libc.a(scanformat_.o) (isspace)
C:/Freescale/CW MCU v10.6/MCU/ARM_GCC_Support/ewl/lib/armv6-m\libc.a(__strtoul.o)
                              C:/Freescale/CW MCU v10.6/MCU/ARM_GCC_Support/ewl/lib/armv6-m\libc.a(scanformat_.o) (__strtoul)
C:/Freescale/CW MCU v10.6/MCU/ARM_GCC_Support/ewl/lib/armv6-m\libc.a(__filll_mem.o)
                              C:/Freescale/CW MCU v10.6/MCU/ARM_GCC_Support/ewl/lib/armv6-m\libc.a(memset.o) (__fill_mem)
C:/Freescale/CW MCU v10.6/MCU/ARM_GCC_Support/ewl/lib/armv6-m\libc.a(memchr.o)
                              C:/Freescale/CW MCU v10.6/MCU/ARM_GCC_Support/ewl/lib/armv6-m\libc.a(printformat_.o) (memchr)
C:/Freescale/CW MCU v10.6/MCU/ARM_GCC_Support/ewl/lib/armv6-m\libc.a(strchr.o)
                              C:/Freescale/CW MCU v10.6/MCU/ARM_GCC_Support/ewl/lib/armv6-m\libc.a(printformat_.o) (strchr)
C:/Freescale/CW MCU v10.6/MCU/ARM_GCC_Support/ewl/lib/armv6-m\libc.a(strlen.o)
                              C:/Freescale/CW MCU v10.6/MCU/ARM_GCC_Support/ewl/lib/armv6-m\libc.a(printformat_.o) (strlen)
c:/freescale/cw mcu v10.6/cross_tools/arm-none-eabi-gcc-4_7_3/bin/../lib/gcc/arm-none-eabi/4.7.3/armv6-m\libgcc.a(_thumb1_case_sqi.o)
                              C:/Freescale/CW MCU v10.6/MCU/ARM_GCC_Support/ewl/lib/armv6-m\libc.a(__strtoul.o) (__gnu_thumb1_case_sqi)
c:/freescale/cw mcu v10.6/cross_tools/arm-none-eabi-gcc-4_7_3/bin/../lib/gcc/arm-none-eabi/4.7.3/armv6-m\libgcc.a(_thumb1_case_uqi.o)
                              C:/Freescale/CW MCU v10.6/MCU/ARM_GCC_Support/ewl/lib/armv6-m\libc.a(scanformat_.o) (__gnu_thumb1_case_uqi)
c:/freescale/cw mcu v10.6/cross_tools/arm-none-eabi-gcc-4_7_3/bin/../lib/gcc/arm-none-eabi/4.7.3/armv6-m\libgcc.a(_udivsi3.o)
                              ./Sources/mcg.o (__aeabi_uidiv)
c:/freescale/cw mcu v10.6/cross_tools/arm-none-eabi-gcc-4_7_3/bin/../lib/gcc/arm-none-eabi/4.7.3/armv6-m\libgcc.a(_divsi3.o)
                              ./Sources/mcg.o (__aeabi_idiv)
c:/freescale/cw mcu v10.6/cross_tools/arm-none-eabi-gcc-4_7_3/bin/../lib/gcc/arm-none-eabi/4.7.3/armv6-m\libgcc.a(_dvmd_tls.o)
                              c:/freescale/cw mcu v10.6/cross_tools/arm-none-eabi-gcc-4_7_3/bin/../lib/gcc/arm-none-eabi/4.7.3/armv6-m\libgcc.a(_udivsi3.o) (__aeabi_idiv0)
c:/freescale/cw mcu v10.6/cross_tools/arm-none-eabi-gcc-4_7_3/bin/../lib/gcc/arm-none-eabi/4.7.3/armv6-m\libgcc.a(_fixunssfsi.o)
                              ./Sources/mcg.o (__aeabi_f2uiz)
c:/freescale/cw mcu v10.6/cross_tools/arm-none-eabi-gcc-4_7_3/bin/../lib/gcc/arm-none-eabi/4.7.3/armv6-m\libgcc.a(divsf3.o)
                              ./Sources/mcg.o (__aeabi_fdiv)
c:/freescale/cw mcu v10.6/cross_tools/arm-none-eabi-gcc-4_7_3/bin/../lib/gcc/arm-none-eabi/4.7.3/armv6-m\libgcc.a(mulsf3.o)
                              ./Sources/mcg.o (__aeabi_fmul)
c:/freescale/cw mcu v10.6/cross_tools/arm-none-eabi-gcc-4_7_3/bin/../lib/gcc/arm-none-eabi/4.7.3/armv6-m\libgcc.a(subsf3.o)
                              c:/freescale/cw mcu v10.6/cross_tools/arm-none-eabi-gcc-4_7_3/bin/../lib/gcc/arm-none-eabi/4.7.3/armv6-m\libgcc.a(_fixunssfsi.o) (__aeabi_fsub)
c:/freescale/cw mcu v10.6/cross_tools/arm-none-eabi-gcc-4_7_3/bin/../lib/gcc/arm-none-eabi/4.7.3/armv6-m\libgcc.a(fixsfsi.o)
                              c:/freescale/cw mcu v10.6/cross_tools/arm-none-eabi-gcc-4_7_3/bin/../lib/gcc/arm-none-eabi/4.7.3/armv6-m\libgcc.a(_fixunssfsi.o) (__aeabi_f2iz)
c:/freescale/cw mcu v10.6/cross_tools/arm-none-eabi-gcc-4_7_3/bin/../lib/gcc/arm-none-eabi/4.7.3/armv6-m\libgcc.a(floatsisf.o)
                              ./Sources/mcg.o (__aeabi_i2f)
c:/freescale/cw mcu v10.6/cross_tools/arm-none-eabi-gcc-4_7_3/bin/../lib/gcc/arm-none-eabi/4.7.3/armv6-m\libgcc.a(divdf3.o)
                              ./Sources/main.o (__aeabi_ddiv)
c:/freescale/cw mcu v10.6/cross_tools/arm-none-eabi-gcc-4_7_3/bin/../lib/gcc/arm-none-eabi/4.7.3/armv6-m\libgcc.a(muldf3.o)
                              ./Sources/main.o (__aeabi_dmul)
c:/freescale/cw mcu v10.6/cross_tools/arm-none-eabi-gcc-4_7_3/bin/../lib/gcc/arm-none-eabi/4.7.3/armv6-m\libgcc.a(subdf3.o)
                              ./Sources/main.o (__aeabi_dsub)
c:/freescale/cw mcu v10.6/cross_tools/arm-none-eabi-gcc-4_7_3/bin/../lib/gcc/arm-none-eabi/4.7.3/armv6-m\libgcc.a(fixdfsi.o)
                              ./Sources/main.o (__aeabi_d2iz)
c:/freescale/cw mcu v10.6/cross_tools/arm-none-eabi-gcc-4_7_3/bin/../lib/gcc/arm-none-eabi/4.7.3/armv6-m\libgcc.a(floatsidf.o)
                              ./Sources/main.o (__aeabi_i2d)
c:/freescale/cw mcu v10.6/cross_tools/arm-none-eabi-gcc-4_7_3/bin/../lib/gcc/arm-none-eabi/4.7.3/armv6-m\libgcc.a(floatunsidf.o)
                              ./Sources/main.o (__aeabi_ui2d)
c:/freescale/cw mcu v10.6/cross_tools/arm-none-eabi-gcc-4_7_3/bin/../lib/gcc/arm-none-eabi/4.7.3/armv6-m\libgcc.a(_arm_cmpsf2.o)
                              c:/freescale/cw mcu v10.6/cross_tools/arm-none-eabi-gcc-4_7_3/bin/../lib/gcc/arm-none-eabi/4.7.3/armv6-m\libgcc.a(_fixunssfsi.o) (__aeabi_fcmpge)
c:/freescale/cw mcu v10.6/cross_tools/arm-none-eabi-gcc-4_7_3/bin/../lib/gcc/arm-none-eabi/4.7.3/armv6-m\libgcc.a(_clzsi2.o)
                              c:/freescale/cw mcu v10.6/cross_tools/arm-none-eabi-gcc-4_7_3/bin/../lib/gcc/arm-none-eabi/4.7.3/armv6-m\libgcc.a(divsf3.o) (__clzsi2)
c:/freescale/cw mcu v10.6/cross_tools/arm-none-eabi-gcc-4_7_3/bin/../lib/gcc/arm-none-eabi/4.7.3/armv6-m\libgcc.a(eqsf2.o)
                              c:/freescale/cw mcu v10.6/cross_tools/arm-none-eabi-gcc-4_7_3/bin/../lib/gcc/arm-none-eabi/4.7.3/armv6-m\libgcc.a(_arm_cmpsf2.o) (__eqsf2)
c:/freescale/cw mcu v10.6/cross_tools/arm-none-eabi-gcc-4_7_3/bin/../lib/gcc/arm-none-eabi/4.7.3/armv6-m\libgcc.a(gesf2.o)
                              c:/freescale/cw mcu v10.6/cross_tools/arm-none-eabi-gcc-4_7_3/bin/../lib/gcc/arm-none-eabi/4.7.3/armv6-m\libgcc.a(_arm_cmpsf2.o) (__gesf2)
c:/freescale/cw mcu v10.6/cross_tools/arm-none-eabi-gcc-4_7_3/bin/../lib/gcc/arm-none-eabi/4.7.3/armv6-m\libgcc.a(lesf2.o)
                              c:/freescale/cw mcu v10.6/cross_tools/arm-none-eabi-gcc-4_7_3/bin/../lib/gcc/arm-none-eabi/4.7.3/armv6-m\libgcc.a(_arm_cmpsf2.o) (__lesf2)
C:/Freescale/CW MCU v10.6/MCU/ARM_GCC_Support/ewl/lib/armv6-m\librt.a(gcc_ctor_dtor.o)
                              ./Project_Settings/Startup_Code/__arm_start.o (__init_cpp)
C:/Freescale/CW MCU v10.6/MCU/ARM_GCC_Support/ewl/lib/armv6-m\librt.a(ROMCopy.o)
                              ./Project_Settings/Startup_Code/__arm_start.o (__copy_rom_sections_to_ram)
C:/Freescale/CW MCU v10.6/MCU/ARM_GCC_Support/ewl/lib/armv6-m\librt.a(__arm_eabi_init.o)
                              C:/Freescale/CW MCU v10.6/MCU/ARM_GCC_Support/ewl/lib/armv6-m\libc.a(exit.o) (__destroy_global_chain)

Allocating common symbols
Common symbol       size              file

drs_val             0x1               ./Sources/mcg.o
dmx32_val           0x1               ./Sources/mcg.o

Discarded input sections

 .text          0x00000000        0x0 ./Project_Settings/Startup_Code/kinetis_sysinit.o
 .data          0x00000000        0x0 ./Project_Settings/Startup_Code/kinetis_sysinit.o
 .bss           0x00000000        0x0 ./Project_Settings/Startup_Code/kinetis_sysinit.o
 .text          0x00000000        0x0 ./Project_Settings/Startup_Code/__arm_start.o
 .data          0x00000000        0x0 ./Project_Settings/Startup_Code/__arm_start.o
 .bss           0x00000000        0x0 ./Project_Settings/Startup_Code/__arm_start.o
 .text.__iar_program_start
                0x00000000        0x4 ./Project_Settings/Startup_Code/__arm_start.o
 .text          0x00000000        0x0 ./Project_Settings/Startup_Code/__arm_end.o
 .data          0x00000000        0x0 ./Project_Settings/Startup_Code/__arm_end.o
 .bss           0x00000000        0x0 ./Project_Settings/Startup_Code/__arm_end.o
 .text          0x00000000        0x0 ./Sources/sa_mtb.o
 .data          0x00000000        0x0 ./Sources/sa_mtb.o
 .bss           0x00000000        0x0 ./Sources/sa_mtb.o
 .debug_info    0x00000000       0x21 ./Sources/sa_mtb.o
 .debug_abbrev  0x00000000       0x12 ./Sources/sa_mtb.o
 .debug_aranges
                0x00000000       0x18 ./Sources/sa_mtb.o
 .debug_macinfo
                0x00000000     0x24d8 ./Sources/sa_mtb.o
 .debug_line    0x00000000       0xaa ./Sources/sa_mtb.o
 .debug_str     0x00000000       0xb4 ./Sources/sa_mtb.o
 .comment       0x00000000       0x7a ./Sources/sa_mtb.o
 .ARM.attributes
                0x00000000       0x31 ./Sources/sa_mtb.o
 .text          0x00000000        0x0 ./Sources/mcg.o
 .data          0x00000000        0x0 ./Sources/mcg.o
 .bss           0x00000000        0x0 ./Sources/mcg.o
 .text.new_pll_freq
                0x00000000      0x30c ./Sources/mcg.o
 .text.pee_pbe  0x00000000       0xb0 ./Sources/mcg.o
 .text.pbe_pee  0x00000000      0x144 ./Sources/mcg.o
 .text.pbe_fbe  0x00000000       0xb4 ./Sources/mcg.o
 .text.fbe_pbe  0x00000000      0x220 ./Sources/mcg.o
 .text.pbe_blpe
                0x00000000       0x68 ./Sources/mcg.o
 .text.blpe_pbe
                0x00000000      0x1ec ./Sources/mcg.o
 .text.blpe_fbe
                0x00000000       0xb8 ./Sources/mcg.o
 .text.fbe_blpe
                0x00000000       0x68 ./Sources/mcg.o
 .text.fbe_fei  0x00000000      0x168 ./Sources/mcg.o
 .text.fei_fbe  0x00000000      0x31c ./Sources/mcg.o
 .text.fbe_fee  0x00000000      0x138 ./Sources/mcg.o
 .text.fee_fbe  0x00000000       0xb0 ./Sources/mcg.o
 .text.fbe_fbi  0x00000000      0x278 ./Sources/mcg.o
 .text.fbi_fbe  0x00000000      0x32c ./Sources/mcg.o
 .text.fbi_blpi
                0x00000000       0xa0 ./Sources/mcg.o
 .text.blpi_fbi
                0x00000000       0xa0 ./Sources/mcg.o
 .text.fbi_fee  0x00000000      0x384 ./Sources/mcg.o
 .text.fee_fbi  0x00000000      0x244 ./Sources/mcg.o
 .text.fbi_fei  0x00000000      0x164 ./Sources/mcg.o
 .text.fei_fbi  0x00000000      0x210 ./Sources/mcg.o
 .text.fei_fee  0x00000000      0x2fc ./Sources/mcg.o
 .text.fee_fei  0x00000000       0xe8 ./Sources/mcg.o
 .text.atc      0x00000000      0x2ac ./Sources/mcg.o
 .text.fll_freq
                0x00000000      0x1d8 ./Sources/mcg.o
 .text.what_mcg_mode
                0x00000000      0x1d4 ./Sources/mcg.o
 .text.clk_monitor_0
                0x00000000       0x40 ./Sources/mcg.o
 .text.chk_for_resistor
                0x00000000      0x128 ./Sources/mcg.o
 COMMON         0x00000000        0x2 ./Sources/mcg.o
 .text          0x00000000        0x0 ./Sources/main.o
 .data          0x00000000        0x0 ./Sources/main.o
 .bss           0x00000000        0x0 ./Sources/main.o
 .data.LightIntensity
                0x00000000        0x4 ./Sources/main.o
 .text          0x00000000        0x0 ./Sources/arm_cm0.o
 .data          0x00000000        0x0 ./Sources/arm_cm0.o
 .bss           0x00000000        0x0 ./Sources/arm_cm0.o
 .text.stop     0x00000000       0x24 ./Sources/arm_cm0.o
 .text.wait     0x00000000       0x28 ./Sources/arm_cm0.o
 .text.write_vtor
                0x00000000       0x20 ./Sources/arm_cm0.o
 .text          0x00000000        0x0 ./Sources/UART.o
 .data          0x00000000        0x0 ./Sources/UART.o
 .bss           0x00000000        0x0 ./Sources/UART.o
 .text.uart_getchar
                0x00000000       0x28 ./Sources/UART.o
 .text.uart_putchar
                0x00000000       0x2c ./Sources/UART.o
 .text.uart_getchar_present
                0x00000000       0x1c ./Sources/UART.o
 .text          0x00000000        0x0 ./Sources/BoardSupport.o
 .data          0x00000000        0x0 ./Sources/BoardSupport.o
 .bss           0x00000000        0x0 ./Sources/BoardSupport.o
 .text.TFC_GetDIP_Switch
                0x00000000       0x2c ./Sources/BoardSupport.o
 .text.InitTPM  0x00000000       0xb0 ./Sources/BoardSupport.o
 .text          0x00000000        0x0 ./Sources/ADCandDAC.o
 .data          0x00000000        0x0 ./Sources/ADCandDAC.o
 .bss           0x00000000        0x0 ./Sources/ADCandDAC.o
 .text.ADC_Read_Cal
                0x00000000       0xbc ./Sources/ADCandDAC.o
 .text.InitDAC  0x00000000       0x3c ./Sources/ADCandDAC.o
 .text          0x00000000        0x0 C:/Freescale/CW MCU v10.6/MCU/ARM_GCC_Support/ewl/lib/armv6-m\libc.a(snprintf.o)
 .data          0x00000000        0x0 C:/Freescale/CW MCU v10.6/MCU/ARM_GCC_Support/ewl/lib/armv6-m\libc.a(snprintf.o)
 .bss           0x00000000        0x0 C:/Freescale/CW MCU v10.6/MCU/ARM_GCC_Support/ewl/lib/armv6-m\libc.a(snprintf.o)
 .text          0x00000000        0x0 C:/Freescale/CW MCU v10.6/MCU/ARM_GCC_Support/ewl/lib/armv6-m\libc.a(vsnprintf.o)
 .data          0x00000000        0x0 C:/Freescale/CW MCU v10.6/MCU/ARM_GCC_Support/ewl/lib/armv6-m\libc.a(vsnprintf.o)
 .bss           0x00000000        0x0 C:/Freescale/CW MCU v10.6/MCU/ARM_GCC_Support/ewl/lib/armv6-m\libc.a(vsnprintf.o)
 .text          0x00000000        0x0 C:/Freescale/CW MCU v10.6/MCU/ARM_GCC_Support/ewl/lib/armv6-m\libc.a(exit.o)
 .data          0x00000000        0x0 C:/Freescale/CW MCU v10.6/MCU/ARM_GCC_Support/ewl/lib/armv6-m\libc.a(exit.o)
 .bss           0x00000000        0x0 C:/Freescale/CW MCU v10.6/MCU/ARM_GCC_Support/ewl/lib/armv6-m\libc.a(exit.o)
 .text          0x00000000        0x0 C:/Freescale/CW MCU v10.6/MCU/ARM_GCC_Support/ewl/lib/armv6-m\libc.a(memcpy.o)
 .data          0x00000000        0x0 C:/Freescale/CW MCU v10.6/MCU/ARM_GCC_Support/ewl/lib/armv6-m\libc.a(memcpy.o)
 .bss           0x00000000        0x0 C:/Freescale/CW MCU v10.6/MCU/ARM_GCC_Support/ewl/lib/armv6-m\libc.a(memcpy.o)
 .text          0x00000000        0x0 C:/Freescale/CW MCU v10.6/MCU/ARM_GCC_Support/ewl/lib/armv6-m\libc.a(memset.o)
 .data          0x00000000        0x0 C:/Freescale/CW MCU v10.6/MCU/ARM_GCC_Support/ewl/lib/armv6-m\libc.a(memset.o)
 .bss           0x00000000        0x0 C:/Freescale/CW MCU v10.6/MCU/ARM_GCC_Support/ewl/lib/armv6-m\libc.a(memset.o)
 .text          0x00000000        0x0 C:/Freescale/CW MCU v10.6/MCU/ARM_GCC_Support/ewl/lib/armv6-m\libc.a(printformat_.o)
 .data          0x00000000        0x0 C:/Freescale/CW MCU v10.6/MCU/ARM_GCC_Support/ewl/lib/armv6-m\libc.a(printformat_.o)
 .bss           0x00000000        0x0 C:/Freescale/CW MCU v10.6/MCU/ARM_GCC_Support/ewl/lib/armv6-m\libc.a(printformat_.o)
 .text          0x00000000        0x0 C:/Freescale/CW MCU v10.6/MCU/ARM_GCC_Support/ewl/lib/armv6-m\libc.a(scanformat_.o)
 .data          0x00000000        0x0 C:/Freescale/CW MCU v10.6/MCU/ARM_GCC_Support/ewl/lib/armv6-m\libc.a(scanformat_.o)
 .bss           0x00000000        0x0 C:/Freescale/CW MCU v10.6/MCU/ARM_GCC_Support/ewl/lib/armv6-m\libc.a(scanformat_.o)
 .text          0x00000000        0x0 C:/Freescale/CW MCU v10.6/MCU/ARM_GCC_Support/ewl/lib/armv6-m\libc.a(ctype_aeabi.o)
 .data          0x00000000        0x0 C:/Freescale/CW MCU v10.6/MCU/ARM_GCC_Support/ewl/lib/armv6-m\libc.a(ctype_aeabi.o)
 .bss           0x00000000        0x0 C:/Freescale/CW MCU v10.6/MCU/ARM_GCC_Support/ewl/lib/armv6-m\libc.a(ctype_aeabi.o)
 .text.isalnum  0x00000000       0x1c C:/Freescale/CW MCU v10.6/MCU/ARM_GCC_Support/ewl/lib/armv6-m\libc.a(ctype_aeabi.o)
 .text.iscntrl  0x00000000       0x20 C:/Freescale/CW MCU v10.6/MCU/ARM_GCC_Support/ewl/lib/armv6-m\libc.a(ctype_aeabi.o)
 .text.isdigit  0x00000000        0xe C:/Freescale/CW MCU v10.6/MCU/ARM_GCC_Support/ewl/lib/armv6-m\libc.a(ctype_aeabi.o)
 .text.isgraph  0x00000000       0x1c C:/Freescale/CW MCU v10.6/MCU/ARM_GCC_Support/ewl/lib/armv6-m\libc.a(ctype_aeabi.o)
 .text.islower  0x00000000       0x20 C:/Freescale/CW MCU v10.6/MCU/ARM_GCC_Support/ewl/lib/armv6-m\libc.a(ctype_aeabi.o)
 .text.isprint  0x00000000       0x1c C:/Freescale/CW MCU v10.6/MCU/ARM_GCC_Support/ewl/lib/armv6-m\libc.a(ctype_aeabi.o)
 .text.ispunct  0x00000000       0x20 C:/Freescale/CW MCU v10.6/MCU/ARM_GCC_Support/ewl/lib/armv6-m\libc.a(ctype_aeabi.o)
 .text.isupper  0x00000000       0x20 C:/Freescale/CW MCU v10.6/MCU/ARM_GCC_Support/ewl/lib/armv6-m\libc.a(ctype_aeabi.o)
 .text.isxdigit
                0x00000000       0x20 C:/Freescale/CW MCU v10.6/MCU/ARM_GCC_Support/ewl/lib/armv6-m\libc.a(ctype_aeabi.o)
 .text.isblank  0x00000000       0x28 C:/Freescale/CW MCU v10.6/MCU/ARM_GCC_Support/ewl/lib/armv6-m\libc.a(ctype_aeabi.o)
 .text.tolower  0x00000000        0xe C:/Freescale/CW MCU v10.6/MCU/ARM_GCC_Support/ewl/lib/armv6-m\libc.a(ctype_aeabi.o)
 .text          0x00000000        0x0 C:/Freescale/CW MCU v10.6/MCU/ARM_GCC_Support/ewl/lib/armv6-m\libc.a(__strtoul.o)
 .data          0x00000000        0x0 C:/Freescale/CW MCU v10.6/MCU/ARM_GCC_Support/ewl/lib/armv6-m\libc.a(__strtoul.o)
 .bss           0x00000000        0x0 C:/Freescale/CW MCU v10.6/MCU/ARM_GCC_Support/ewl/lib/armv6-m\libc.a(__strtoul.o)
 .text          0x00000000        0x0 C:/Freescale/CW MCU v10.6/MCU/ARM_GCC_Support/ewl/lib/armv6-m\libc.a(__filll_mem.o)
 .data          0x00000000        0x0 C:/Freescale/CW MCU v10.6/MCU/ARM_GCC_Support/ewl/lib/armv6-m\libc.a(__filll_mem.o)
 .bss           0x00000000        0x0 C:/Freescale/CW MCU v10.6/MCU/ARM_GCC_Support/ewl/lib/armv6-m\libc.a(__filll_mem.o)
 .text          0x00000000        0x0 C:/Freescale/CW MCU v10.6/MCU/ARM_GCC_Support/ewl/lib/armv6-m\libc.a(memchr.o)
 .data          0x00000000        0x0 C:/Freescale/CW MCU v10.6/MCU/ARM_GCC_Support/ewl/lib/armv6-m\libc.a(memchr.o)
 .bss           0x00000000        0x0 C:/Freescale/CW MCU v10.6/MCU/ARM_GCC_Support/ewl/lib/armv6-m\libc.a(memchr.o)
 .text          0x00000000        0x0 C:/Freescale/CW MCU v10.6/MCU/ARM_GCC_Support/ewl/lib/armv6-m\libc.a(strchr.o)
 .data          0x00000000        0x0 C:/Freescale/CW MCU v10.6/MCU/ARM_GCC_Support/ewl/lib/armv6-m\libc.a(strchr.o)
 .bss           0x00000000        0x0 C:/Freescale/CW MCU v10.6/MCU/ARM_GCC_Support/ewl/lib/armv6-m\libc.a(strchr.o)
 .text          0x00000000        0x0 C:/Freescale/CW MCU v10.6/MCU/ARM_GCC_Support/ewl/lib/armv6-m\libc.a(strlen.o)
 .data          0x00000000        0x0 C:/Freescale/CW MCU v10.6/MCU/ARM_GCC_Support/ewl/lib/armv6-m\libc.a(strlen.o)
 .bss           0x00000000        0x0 C:/Freescale/CW MCU v10.6/MCU/ARM_GCC_Support/ewl/lib/armv6-m\libc.a(strlen.o)
 .data          0x00000000        0x0 c:/freescale/cw mcu v10.6/cross_tools/arm-none-eabi-gcc-4_7_3/bin/../lib/gcc/arm-none-eabi/4.7.3/armv6-m\libgcc.a(_thumb1_case_sqi.o)
 .bss           0x00000000        0x0 c:/freescale/cw mcu v10.6/cross_tools/arm-none-eabi-gcc-4_7_3/bin/../lib/gcc/arm-none-eabi/4.7.3/armv6-m\libgcc.a(_thumb1_case_sqi.o)
 .data          0x00000000        0x0 c:/freescale/cw mcu v10.6/cross_tools/arm-none-eabi-gcc-4_7_3/bin/../lib/gcc/arm-none-eabi/4.7.3/armv6-m\libgcc.a(_thumb1_case_uqi.o)
 .bss           0x00000000        0x0 c:/freescale/cw mcu v10.6/cross_tools/arm-none-eabi-gcc-4_7_3/bin/../lib/gcc/arm-none-eabi/4.7.3/armv6-m\libgcc.a(_thumb1_case_uqi.o)
 .data          0x00000000        0x0 c:/freescale/cw mcu v10.6/cross_tools/arm-none-eabi-gcc-4_7_3/bin/../lib/gcc/arm-none-eabi/4.7.3/armv6-m\libgcc.a(_udivsi3.o)
 .bss           0x00000000        0x0 c:/freescale/cw mcu v10.6/cross_tools/arm-none-eabi-gcc-4_7_3/bin/../lib/gcc/arm-none-eabi/4.7.3/armv6-m\libgcc.a(_udivsi3.o)
 .data          0x00000000        0x0 c:/freescale/cw mcu v10.6/cross_tools/arm-none-eabi-gcc-4_7_3/bin/../lib/gcc/arm-none-eabi/4.7.3/armv6-m\libgcc.a(_divsi3.o)
 .bss           0x00000000        0x0 c:/freescale/cw mcu v10.6/cross_tools/arm-none-eabi-gcc-4_7_3/bin/../lib/gcc/arm-none-eabi/4.7.3/armv6-m\libgcc.a(_divsi3.o)
 .data          0x00000000        0x0 c:/freescale/cw mcu v10.6/cross_tools/arm-none-eabi-gcc-4_7_3/bin/../lib/gcc/arm-none-eabi/4.7.3/armv6-m\libgcc.a(_dvmd_tls.o)
 .bss           0x00000000        0x0 c:/freescale/cw mcu v10.6/cross_tools/arm-none-eabi-gcc-4_7_3/bin/../lib/gcc/arm-none-eabi/4.7.3/armv6-m\libgcc.a(_dvmd_tls.o)
 .text          0x00000000       0x30 c:/freescale/cw mcu v10.6/cross_tools/arm-none-eabi-gcc-4_7_3/bin/../lib/gcc/arm-none-eabi/4.7.3/armv6-m\libgcc.a(_fixunssfsi.o)
 .data          0x00000000        0x0 c:/freescale/cw mcu v10.6/cross_tools/arm-none-eabi-gcc-4_7_3/bin/../lib/gcc/arm-none-eabi/4.7.3/armv6-m\libgcc.a(_fixunssfsi.o)
 .bss           0x00000000        0x0 c:/freescale/cw mcu v10.6/cross_tools/arm-none-eabi-gcc-4_7_3/bin/../lib/gcc/arm-none-eabi/4.7.3/armv6-m\libgcc.a(_fixunssfsi.o)
 .ARM.attributes
                0x00000000       0x2c c:/freescale/cw mcu v10.6/cross_tools/arm-none-eabi-gcc-4_7_3/bin/../lib/gcc/arm-none-eabi/4.7.3/armv6-m\libgcc.a(_fixunssfsi.o)
 .debug_frame   0x00000000       0x28 c:/freescale/cw mcu v10.6/cross_tools/arm-none-eabi-gcc-4_7_3/bin/../lib/gcc/arm-none-eabi/4.7.3/armv6-m\libgcc.a(_fixunssfsi.o)
 .text          0x00000000      0x274 c:/freescale/cw mcu v10.6/cross_tools/arm-none-eabi-gcc-4_7_3/bin/../lib/gcc/arm-none-eabi/4.7.3/armv6-m\libgcc.a(divsf3.o)
 .data          0x00000000        0x0 c:/freescale/cw mcu v10.6/cross_tools/arm-none-eabi-gcc-4_7_3/bin/../lib/gcc/arm-none-eabi/4.7.3/armv6-m\libgcc.a(divsf3.o)
 .bss           0x00000000        0x0 c:/freescale/cw mcu v10.6/cross_tools/arm-none-eabi-gcc-4_7_3/bin/../lib/gcc/arm-none-eabi/4.7.3/armv6-m\libgcc.a(divsf3.o)
 .rodata        0x00000000       0x40 c:/freescale/cw mcu v10.6/cross_tools/arm-none-eabi-gcc-4_7_3/bin/../lib/gcc/arm-none-eabi/4.7.3/armv6-m\libgcc.a(divsf3.o)
 .ARM.attributes
                0x00000000       0x2c c:/freescale/cw mcu v10.6/cross_tools/arm-none-eabi-gcc-4_7_3/bin/../lib/gcc/arm-none-eabi/4.7.3/armv6-m\libgcc.a(divsf3.o)
 .debug_frame   0x00000000       0x3c c:/freescale/cw mcu v10.6/cross_tools/arm-none-eabi-gcc-4_7_3/bin/../lib/gcc/arm-none-eabi/4.7.3/armv6-m\libgcc.a(divsf3.o)
 .text          0x00000000      0x260 c:/freescale/cw mcu v10.6/cross_tools/arm-none-eabi-gcc-4_7_3/bin/../lib/gcc/arm-none-eabi/4.7.3/armv6-m\libgcc.a(mulsf3.o)
 .data          0x00000000        0x0 c:/freescale/cw mcu v10.6/cross_tools/arm-none-eabi-gcc-4_7_3/bin/../lib/gcc/arm-none-eabi/4.7.3/armv6-m\libgcc.a(mulsf3.o)
 .bss           0x00000000        0x0 c:/freescale/cw mcu v10.6/cross_tools/arm-none-eabi-gcc-4_7_3/bin/../lib/gcc/arm-none-eabi/4.7.3/armv6-m\libgcc.a(mulsf3.o)
 .rodata        0x00000000       0x40 c:/freescale/cw mcu v10.6/cross_tools/arm-none-eabi-gcc-4_7_3/bin/../lib/gcc/arm-none-eabi/4.7.3/armv6-m\libgcc.a(mulsf3.o)
 .ARM.attributes
                0x00000000       0x2c c:/freescale/cw mcu v10.6/cross_tools/arm-none-eabi-gcc-4_7_3/bin/../lib/gcc/arm-none-eabi/4.7.3/armv6-m\libgcc.a(mulsf3.o)
 .debug_frame   0x00000000       0x3c c:/freescale/cw mcu v10.6/cross_tools/arm-none-eabi-gcc-4_7_3/bin/../lib/gcc/arm-none-eabi/4.7.3/armv6-m\libgcc.a(mulsf3.o)
 .text          0x00000000      0x3ac c:/freescale/cw mcu v10.6/cross_tools/arm-none-eabi-gcc-4_7_3/bin/../lib/gcc/arm-none-eabi/4.7.3/armv6-m\libgcc.a(subsf3.o)
 .data          0x00000000        0x0 c:/freescale/cw mcu v10.6/cross_tools/arm-none-eabi-gcc-4_7_3/bin/../lib/gcc/arm-none-eabi/4.7.3/armv6-m\libgcc.a(subsf3.o)
 .bss           0x00000000        0x0 c:/freescale/cw mcu v10.6/cross_tools/arm-none-eabi-gcc-4_7_3/bin/../lib/gcc/arm-none-eabi/4.7.3/armv6-m\libgcc.a(subsf3.o)
 .ARM.attributes
                0x00000000       0x2c c:/freescale/cw mcu v10.6/cross_tools/arm-none-eabi-gcc-4_7_3/bin/../lib/gcc/arm-none-eabi/4.7.3/armv6-m\libgcc.a(subsf3.o)
 .debug_frame   0x00000000       0x30 c:/freescale/cw mcu v10.6/cross_tools/arm-none-eabi-gcc-4_7_3/bin/../lib/gcc/arm-none-eabi/4.7.3/armv6-m\libgcc.a(subsf3.o)
 .text          0x00000000       0x40 c:/freescale/cw mcu v10.6/cross_tools/arm-none-eabi-gcc-4_7_3/bin/../lib/gcc/arm-none-eabi/4.7.3/armv6-m\libgcc.a(fixsfsi.o)
 .data          0x00000000        0x0 c:/freescale/cw mcu v10.6/cross_tools/arm-none-eabi-gcc-4_7_3/bin/../lib/gcc/arm-none-eabi/4.7.3/armv6-m\libgcc.a(fixsfsi.o)
 .bss           0x00000000        0x0 c:/freescale/cw mcu v10.6/cross_tools/arm-none-eabi-gcc-4_7_3/bin/../lib/gcc/arm-none-eabi/4.7.3/armv6-m\libgcc.a(fixsfsi.o)
 .ARM.attributes
                0x00000000       0x2c c:/freescale/cw mcu v10.6/cross_tools/arm-none-eabi-gcc-4_7_3/bin/../lib/gcc/arm-none-eabi/4.7.3/armv6-m\libgcc.a(fixsfsi.o)
 .debug_frame   0x00000000       0x28 c:/freescale/cw mcu v10.6/cross_tools/arm-none-eabi-gcc-4_7_3/bin/../lib/gcc/arm-none-eabi/4.7.3/armv6-m\libgcc.a(fixsfsi.o)
 .text          0x00000000       0xa8 c:/freescale/cw mcu v10.6/cross_tools/arm-none-eabi-gcc-4_7_3/bin/../lib/gcc/arm-none-eabi/4.7.3/armv6-m\libgcc.a(floatsisf.o)
 .data          0x00000000        0x0 c:/freescale/cw mcu v10.6/cross_tools/arm-none-eabi-gcc-4_7_3/bin/../lib/gcc/arm-none-eabi/4.7.3/armv6-m\libgcc.a(floatsisf.o)
 .bss           0x00000000        0x0 c:/freescale/cw mcu v10.6/cross_tools/arm-none-eabi-gcc-4_7_3/bin/../lib/gcc/arm-none-eabi/4.7.3/armv6-m\libgcc.a(floatsisf.o)
 .ARM.attributes
                0x00000000       0x2c c:/freescale/cw mcu v10.6/cross_tools/arm-none-eabi-gcc-4_7_3/bin/../lib/gcc/arm-none-eabi/4.7.3/armv6-m\libgcc.a(floatsisf.o)
 .debug_frame   0x00000000       0x2c c:/freescale/cw mcu v10.6/cross_tools/arm-none-eabi-gcc-4_7_3/bin/../lib/gcc/arm-none-eabi/4.7.3/armv6-m\libgcc.a(floatsisf.o)
 .data          0x00000000        0x0 c:/freescale/cw mcu v10.6/cross_tools/arm-none-eabi-gcc-4_7_3/bin/../lib/gcc/arm-none-eabi/4.7.3/armv6-m\libgcc.a(divdf3.o)
 .bss           0x00000000        0x0 c:/freescale/cw mcu v10.6/cross_tools/arm-none-eabi-gcc-4_7_3/bin/../lib/gcc/arm-none-eabi/4.7.3/armv6-m\libgcc.a(divdf3.o)
 .data          0x00000000        0x0 c:/freescale/cw mcu v10.6/cross_tools/arm-none-eabi-gcc-4_7_3/bin/../lib/gcc/arm-none-eabi/4.7.3/armv6-m\libgcc.a(muldf3.o)
 .bss           0x00000000        0x0 c:/freescale/cw mcu v10.6/cross_tools/arm-none-eabi-gcc-4_7_3/bin/../lib/gcc/arm-none-eabi/4.7.3/armv6-m\libgcc.a(muldf3.o)
 .data          0x00000000        0x0 c:/freescale/cw mcu v10.6/cross_tools/arm-none-eabi-gcc-4_7_3/bin/../lib/gcc/arm-none-eabi/4.7.3/armv6-m\libgcc.a(subdf3.o)
 .bss           0x00000000        0x0 c:/freescale/cw mcu v10.6/cross_tools/arm-none-eabi-gcc-4_7_3/bin/../lib/gcc/arm-none-eabi/4.7.3/armv6-m\libgcc.a(subdf3.o)
 .data          0x00000000        0x0 c:/freescale/cw mcu v10.6/cross_tools/arm-none-eabi-gcc-4_7_3/bin/../lib/gcc/arm-none-eabi/4.7.3/armv6-m\libgcc.a(fixdfsi.o)
 .bss           0x00000000        0x0 c:/freescale/cw mcu v10.6/cross_tools/arm-none-eabi-gcc-4_7_3/bin/../lib/gcc/arm-none-eabi/4.7.3/armv6-m\libgcc.a(fixdfsi.o)
 .data          0x00000000        0x0 c:/freescale/cw mcu v10.6/cross_tools/arm-none-eabi-gcc-4_7_3/bin/../lib/gcc/arm-none-eabi/4.7.3/armv6-m\libgcc.a(floatsidf.o)
 .bss           0x00000000        0x0 c:/freescale/cw mcu v10.6/cross_tools/arm-none-eabi-gcc-4_7_3/bin/../lib/gcc/arm-none-eabi/4.7.3/armv6-m\libgcc.a(floatsidf.o)
 .data          0x00000000        0x0 c:/freescale/cw mcu v10.6/cross_tools/arm-none-eabi-gcc-4_7_3/bin/../lib/gcc/arm-none-eabi/4.7.3/armv6-m\libgcc.a(floatunsidf.o)
 .bss           0x00000000        0x0 c:/freescale/cw mcu v10.6/cross_tools/arm-none-eabi-gcc-4_7_3/bin/../lib/gcc/arm-none-eabi/4.7.3/armv6-m\libgcc.a(floatunsidf.o)
 .text          0x00000000       0x74 c:/freescale/cw mcu v10.6/cross_tools/arm-none-eabi-gcc-4_7_3/bin/../lib/gcc/arm-none-eabi/4.7.3/armv6-m\libgcc.a(_arm_cmpsf2.o)
 .data          0x00000000        0x0 c:/freescale/cw mcu v10.6/cross_tools/arm-none-eabi-gcc-4_7_3/bin/../lib/gcc/arm-none-eabi/4.7.3/armv6-m\libgcc.a(_arm_cmpsf2.o)
 .bss           0x00000000        0x0 c:/freescale/cw mcu v10.6/cross_tools/arm-none-eabi-gcc-4_7_3/bin/../lib/gcc/arm-none-eabi/4.7.3/armv6-m\libgcc.a(_arm_cmpsf2.o)
 .ARM.attributes
                0x00000000       0x1e c:/freescale/cw mcu v10.6/cross_tools/arm-none-eabi-gcc-4_7_3/bin/../lib/gcc/arm-none-eabi/4.7.3/armv6-m\libgcc.a(_arm_cmpsf2.o)
 .data          0x00000000        0x0 c:/freescale/cw mcu v10.6/cross_tools/arm-none-eabi-gcc-4_7_3/bin/../lib/gcc/arm-none-eabi/4.7.3/armv6-m\libgcc.a(_clzsi2.o)
 .bss           0x00000000        0x0 c:/freescale/cw mcu v10.6/cross_tools/arm-none-eabi-gcc-4_7_3/bin/../lib/gcc/arm-none-eabi/4.7.3/armv6-m\libgcc.a(_clzsi2.o)
 .text          0x00000000       0x50 c:/freescale/cw mcu v10.6/cross_tools/arm-none-eabi-gcc-4_7_3/bin/../lib/gcc/arm-none-eabi/4.7.3/armv6-m\libgcc.a(eqsf2.o)
 .data          0x00000000        0x0 c:/freescale/cw mcu v10.6/cross_tools/arm-none-eabi-gcc-4_7_3/bin/../lib/gcc/arm-none-eabi/4.7.3/armv6-m\libgcc.a(eqsf2.o)
 .bss           0x00000000        0x0 c:/freescale/cw mcu v10.6/cross_tools/arm-none-eabi-gcc-4_7_3/bin/../lib/gcc/arm-none-eabi/4.7.3/armv6-m\libgcc.a(eqsf2.o)
 .ARM.attributes
                0x00000000       0x2c c:/freescale/cw mcu v10.6/cross_tools/arm-none-eabi-gcc-4_7_3/bin/../lib/gcc/arm-none-eabi/4.7.3/armv6-m\libgcc.a(eqsf2.o)
 .debug_frame   0x00000000       0x2c c:/freescale/cw mcu v10.6/cross_tools/arm-none-eabi-gcc-4_7_3/bin/../lib/gcc/arm-none-eabi/4.7.3/armv6-m\libgcc.a(eqsf2.o)
 .text          0x00000000       0x90 c:/freescale/cw mcu v10.6/cross_tools/arm-none-eabi-gcc-4_7_3/bin/../lib/gcc/arm-none-eabi/4.7.3/armv6-m\libgcc.a(gesf2.o)
 .data          0x00000000        0x0 c:/freescale/cw mcu v10.6/cross_tools/arm-none-eabi-gcc-4_7_3/bin/../lib/gcc/arm-none-eabi/4.7.3/armv6-m\libgcc.a(gesf2.o)
 .bss           0x00000000        0x0 c:/freescale/cw mcu v10.6/cross_tools/arm-none-eabi-gcc-4_7_3/bin/../lib/gcc/arm-none-eabi/4.7.3/armv6-m\libgcc.a(gesf2.o)
 .ARM.attributes
                0x00000000       0x2c c:/freescale/cw mcu v10.6/cross_tools/arm-none-eabi-gcc-4_7_3/bin/../lib/gcc/arm-none-eabi/4.7.3/armv6-m\libgcc.a(gesf2.o)
 .debug_frame   0x00000000       0x30 c:/freescale/cw mcu v10.6/cross_tools/arm-none-eabi-gcc-4_7_3/bin/../lib/gcc/arm-none-eabi/4.7.3/armv6-m\libgcc.a(gesf2.o)
 .text          0x00000000       0x90 c:/freescale/cw mcu v10.6/cross_tools/arm-none-eabi-gcc-4_7_3/bin/../lib/gcc/arm-none-eabi/4.7.3/armv6-m\libgcc.a(lesf2.o)
 .data          0x00000000        0x0 c:/freescale/cw mcu v10.6/cross_tools/arm-none-eabi-gcc-4_7_3/bin/../lib/gcc/arm-none-eabi/4.7.3/armv6-m\libgcc.a(lesf2.o)
 .bss           0x00000000        0x0 c:/freescale/cw mcu v10.6/cross_tools/arm-none-eabi-gcc-4_7_3/bin/../lib/gcc/arm-none-eabi/4.7.3/armv6-m\libgcc.a(lesf2.o)
 .ARM.attributes
                0x00000000       0x2c c:/freescale/cw mcu v10.6/cross_tools/arm-none-eabi-gcc-4_7_3/bin/../lib/gcc/arm-none-eabi/4.7.3/armv6-m\libgcc.a(lesf2.o)
 .debug_frame   0x00000000       0x30 c:/freescale/cw mcu v10.6/cross_tools/arm-none-eabi-gcc-4_7_3/bin/../lib/gcc/arm-none-eabi/4.7.3/armv6-m\libgcc.a(lesf2.o)
 .text          0x00000000        0x0 C:/Freescale/CW MCU v10.6/MCU/ARM_GCC_Support/ewl/lib/armv6-m\librt.a(gcc_ctor_dtor.o)
 .data          0x00000000        0x0 C:/Freescale/CW MCU v10.6/MCU/ARM_GCC_Support/ewl/lib/armv6-m\librt.a(gcc_ctor_dtor.o)
 .bss           0x00000000        0x0 C:/Freescale/CW MCU v10.6/MCU/ARM_GCC_Support/ewl/lib/armv6-m\librt.a(gcc_ctor_dtor.o)
 .bss.__dso_handle
                0x00000000        0x4 C:/Freescale/CW MCU v10.6/MCU/ARM_GCC_Support/ewl/lib/armv6-m\librt.a(gcc_ctor_dtor.o)
 .text          0x00000000        0x0 C:/Freescale/CW MCU v10.6/MCU/ARM_GCC_Support/ewl/lib/armv6-m\librt.a(ROMCopy.o)
 .data          0x00000000        0x0 C:/Freescale/CW MCU v10.6/MCU/ARM_GCC_Support/ewl/lib/armv6-m\librt.a(ROMCopy.o)
 .bss           0x00000000        0x0 C:/Freescale/CW MCU v10.6/MCU/ARM_GCC_Support/ewl/lib/armv6-m\librt.a(ROMCopy.o)
 .text.__flush_cache
                0x00000000        0x2 C:/Freescale/CW MCU v10.6/MCU/ARM_GCC_Support/ewl/lib/armv6-m\librt.a(ROMCopy.o)
 .text          0x00000000        0x0 C:/Freescale/CW MCU v10.6/MCU/ARM_GCC_Support/ewl/lib/armv6-m\librt.a(__arm_eabi_init.o)
 .data          0x00000000        0x0 C:/Freescale/CW MCU v10.6/MCU/ARM_GCC_Support/ewl/lib/armv6-m\librt.a(__arm_eabi_init.o)
 .bss           0x00000000        0x0 C:/Freescale/CW MCU v10.6/MCU/ARM_GCC_Support/ewl/lib/armv6-m\librt.a(__arm_eabi_init.o)
 .text.__register_global_object
                0x00000000       0x14 C:/Freescale/CW MCU v10.6/MCU/ARM_GCC_Support/ewl/lib/armv6-m\librt.a(__arm_eabi_init.o)
 .text.__cxa_atexit
                0x00000000       0x38 C:/Freescale/CW MCU v10.6/MCU/ARM_GCC_Support/ewl/lib/armv6-m\librt.a(__arm_eabi_init.o)
 .text.__aeabi_atexit
                0x00000000        0xe C:/Freescale/CW MCU v10.6/MCU/ARM_GCC_Support/ewl/lib/armv6-m\librt.a(__arm_eabi_init.o)
 .text.__register_atexit
                0x00000000        0xc C:/Freescale/CW MCU v10.6/MCU/ARM_GCC_Support/ewl/lib/armv6-m\librt.a(__arm_eabi_init.o)
 .text.__init_hardware
                0x00000000        0x4 C:/Freescale/CW MCU v10.6/MCU/ARM_GCC_Support/ewl/lib/armv6-m\librt.a(__arm_eabi_init.o)
 .bss.atexit_curr_func
                0x00000000        0x4 C:/Freescale/CW MCU v10.6/MCU/ARM_GCC_Support/ewl/lib/armv6-m\librt.a(__arm_eabi_init.o)
 .bss.atexit_funcs
                0x00000000      0x300 C:/Freescale/CW MCU v10.6/MCU/ARM_GCC_Support/ewl/lib/armv6-m\librt.a(__arm_eabi_init.o)

Memory Configuration

Name             Origin             Length             Attributes
m_interrupts     0x00000000         0x000000c0         xr
m_cfmprotrom     0x00000400         0x00000010         xr
m_text           0x00000800         0x0001f800         xr
m_data           0x1ffff000         0x00004000         xrw
*default*        0x00000000         0xffffffff

Linker script and memory map

LOAD ./Project_Settings/Startup_Code/kinetis_sysinit.o
LOAD ./Project_Settings/Startup_Code/__arm_start.o
LOAD ./Project_Settings/Startup_Code/__arm_end.o
LOAD ./Sources/sa_mtb.o
LOAD ./Sources/mcg.o
LOAD ./Sources/main.o
LOAD ./Sources/arm_cm0.o
LOAD ./Sources/UART.o
LOAD ./Sources/BoardSupport.o
LOAD ./Sources/ADCandDAC.o
                0x0000331c                __pformatter = __pformatter_
                [0x00003744]                __sformatter = __sformatter
START GROUP
LOAD C:/Freescale/CW MCU v10.6/MCU/ARM_GCC_Support/ewl/lib/armv6-m\libc.a
LOAD C:/Freescale/CW MCU v10.6/MCU/ARM_GCC_Support/ewl/lib/armv6-m\libm.a
LOAD c:/freescale/cw mcu v10.6/cross_tools/arm-none-eabi-gcc-4_7_3/bin/../lib/gcc/arm-none-eabi/4.7.3/armv6-m\libgcc.a
LOAD C:/Freescale/CW MCU v10.6/MCU/ARM_GCC_Support/ewl/lib/armv6-m\librt.a
LOAD C:/Freescale/CW MCU v10.6/MCU/ARM_GCC_Support/ewl/lib/armv6-m\libuart.a
END GROUP
                0x20003000                _estack = 0x20003000
                0x20003000                __SP_INIT = _estack
                0x00000400                __heap_size = 0x400
                0x00000400                __stack_size = 0x400

.interrupts     0x00000000       0xc0
                0x00000000                __vector_table = .
                0x00000000                . = ALIGN (0x4)
 *(.vectortable)
 .vectortable   0x00000000       0xc0 ./Project_Settings/Startup_Code/kinetis_sysinit.o
                0x00000000                InterruptVector
                0x000000c0                . = ALIGN (0x4)

.cfmprotect     0x00000400        0x0
                0x00000400                . = ALIGN (0x4)
 *(.cfmconfig)
                0x00000400                . = ALIGN (0x4)

.text           0x00000800     0x3cb4
                0x00000800                . = ALIGN (0x4)
 *(.text)
 .text          0x00000800       0x14 c:/freescale/cw mcu v10.6/cross_tools/arm-none-eabi-gcc-4_7_3/bin/../lib/gcc/arm-none-eabi/4.7.3/armv6-m\libgcc.a(_thumb1_case_sqi.o)
                0x00000800                __gnu_thumb1_case_sqi
 .text          0x00000814       0x14 c:/freescale/cw mcu v10.6/cross_tools/arm-none-eabi-gcc-4_7_3/bin/../lib/gcc/arm-none-eabi/4.7.3/armv6-m\libgcc.a(_thumb1_case_uqi.o)
                0x00000814                __gnu_thumb1_case_uqi
 .text          0x00000828       0x9c c:/freescale/cw mcu v10.6/cross_tools/arm-none-eabi-gcc-4_7_3/bin/../lib/gcc/arm-none-eabi/4.7.3/armv6-m\libgcc.a(_udivsi3.o)
                0x00000828                __aeabi_uidiv
                0x00000828                __udivsi3
                0x000008b0                __aeabi_uidivmod
 .text          0x000008c4       0xc0 c:/freescale/cw mcu v10.6/cross_tools/arm-none-eabi-gcc-4_7_3/bin/../lib/gcc/arm-none-eabi/4.7.3/armv6-m\libgcc.a(_divsi3.o)
                0x000008c4                __divsi3
                0x000008c4                __aeabi_idiv
                0x00000970                __aeabi_idivmod
 .text          0x00000984        0x4 c:/freescale/cw mcu v10.6/cross_tools/arm-none-eabi-gcc-4_7_3/bin/../lib/gcc/arm-none-eabi/4.7.3/armv6-m\libgcc.a(_dvmd_tls.o)
                0x00000984                __aeabi_idiv0
                0x00000984                __aeabi_ldiv0
 .text          0x00000988      0x5b8 c:/freescale/cw mcu v10.6/cross_tools/arm-none-eabi-gcc-4_7_3/bin/../lib/gcc/arm-none-eabi/4.7.3/armv6-m\libgcc.a(divdf3.o)
                0x00000988                __aeabi_ddiv
 .text          0x00000f40      0x4e4 c:/freescale/cw mcu v10.6/cross_tools/arm-none-eabi-gcc-4_7_3/bin/../lib/gcc/arm-none-eabi/4.7.3/armv6-m\libgcc.a(muldf3.o)
                0x00000f40                __aeabi_dmul
 .text          0x00001424      0x6f8 c:/freescale/cw mcu v10.6/cross_tools/arm-none-eabi-gcc-4_7_3/bin/../lib/gcc/arm-none-eabi/4.7.3/armv6-m\libgcc.a(subdf3.o)
                0x00001424                __aeabi_dsub
 .text          0x00001b1c       0x68 c:/freescale/cw mcu v10.6/cross_tools/arm-none-eabi-gcc-4_7_3/bin/../lib/gcc/arm-none-eabi/4.7.3/armv6-m\libgcc.a(fixdfsi.o)
                0x00001b1c                __aeabi_d2iz
 .text          0x00001b84       0x74 c:/freescale/cw mcu v10.6/cross_tools/arm-none-eabi-gcc-4_7_3/bin/../lib/gcc/arm-none-eabi/4.7.3/armv6-m\libgcc.a(floatsidf.o)
                0x00001b84                __aeabi_i2d
 .text          0x00001bf8       0x64 c:/freescale/cw mcu v10.6/cross_tools/arm-none-eabi-gcc-4_7_3/bin/../lib/gcc/arm-none-eabi/4.7.3/armv6-m\libgcc.a(floatunsidf.o)
                0x00001bf8                __aeabi_ui2d
 .text          0x00001c5c       0x3c c:/freescale/cw mcu v10.6/cross_tools/arm-none-eabi-gcc-4_7_3/bin/../lib/gcc/arm-none-eabi/4.7.3/armv6-m\libgcc.a(_clzsi2.o)
                0x00001c5c                __clzsi2
 *(.text*)
 .text.Default_Handler
                0x00001c98        0xc ./Project_Settings/Startup_Code/kinetis_sysinit.o
                0x00001c98                RTC_Alarm_IRQHandler
                0x00001c98                I2C0_IRQHandler
                0x00001c98                HardFault_Handler
                0x00001c98                SysTick_Handler
                0x00001c98                PendSV_Handler
                0x00001c98                NMI_Handler
                0x00001c98                I2C1_IRQHandler
                0x00001c98                UART1_IRQHandler
                0x00001c98                DMA2_IRQHandler
                0x00001c98                TSI0_IRQHandler
                0x00001c98                SPI1_IRQHandler
                0x00001c98                LPTimer_IRQHandler
                0x00001c98                FTM1_IRQHandler
                0x00001c98                RTC_Seconds_IRQHandler
                0x00001c98                MCG_IRQHandler
                0x00001c98                UART2_IRQHandler
                0x00001c98                Default_Handler
                0x00001c98                LLW_IRQHandler
                0x00001c98                SVC_Handler
                0x00001c98                USBOTG_IRQHandler
                0x00001c98                DMA3_IRQHandler
                0x00001c98                DMA0_IRQHandler
                0x00001c98                DAC0_IRQHandler
                0x00001c98                PMC_IRQHandler
                0x00001c98                SPI0_IRQHandler
                0x00001c98                FTM0_IRQHandler
                0x00001c98                PORTA_IRQHandler
                0x00001c98                MCM_IRQHandler
                0x00001c98                FTFL_IRQHandler
                0x00001c98                FTM2_IRQHandler
                0x00001c98                CMP0_IRQHandler
                0x00001c98                DMA1_IRQHandler
 .text.__init_hardware
                0x00001ca4       0x2c ./Project_Settings/Startup_Code/kinetis_sysinit.o
                0x00001ca4                __init_hardware
 .text.zero_fill_bss
                0x00001cd0       0x24 ./Project_Settings/Startup_Code/__arm_start.o
 .text.__thumb_startup
                0x00001cf4       0x30 ./Project_Settings/Startup_Code/__arm_start.o
                0x00001cf4                __thumb_startup
 .text._ExitProcess
                0x00001d24        0xc ./Project_Settings/Startup_Code/__arm_end.o
                0x00001d24                _ExitProcess
 .text.pll_init
                0x00001d30      0x548 ./Sources/mcg.o
                0x00001d30                pll_init
 .text.main     0x00002278       0x4c ./Sources/main.o
                0x00002278                main
 .text.PORTD_IRQHandler
                0x000022c4       0xc8 ./Sources/main.o
                0x000022c4                PORTD_IRQHandler
 .text.UART0_IRQHandler
                0x0000238c      0x1c0 ./Sources/main.o
                0x0000238c                UART0_IRQHandler
 .text.PIT_IRQHandler
                0x0000254c      0x158 ./Sources/main.o
                0x0000254c                PIT_IRQHandler
 *fill*         0x000026a4        0x4 00
 .text.ADC0_IRQHandler
                0x000026a8      0x160 ./Sources/main.o
                0x000026a8                ADC0_IRQHandler
 .text.enable_irq
                0x00002808       0x6c ./Sources/arm_cm0.o
                0x00002808                enable_irq
 .text.disable_irq
                0x00002874       0x40 ./Sources/arm_cm0.o
                0x00002874                disable_irq
 .text.set_irq_priority
                0x000028b4       0x74 ./Sources/arm_cm0.o
                0x000028b4                set_irq_priority
 .text.InitUARTs
                0x00002928       0xc4 ./Sources/UART.o
                0x00002928                InitUARTs
 .text.Uart0_Br_Sbr
                0x000029ec      0x230 ./Sources/UART.o
                0x000029ec                Uart0_Br_Sbr
 .text.UARTprintf
                0x00002c1c       0x60 ./Sources/UART.o
                0x00002c1c                UARTprintf
 .text.InitGPIO
                0x00002c7c       0x98 ./Sources/BoardSupport.o
                0x00002c7c                InitGPIO
 .text.ClockSetup
                0x00002d14       0x7c ./Sources/BoardSupport.o
                0x00002d14                ClockSetup
 .text.InitPIT  0x00002d90       0x3c ./Sources/BoardSupport.o
                0x00002d90                InitPIT
 .text.ADC_Cal  0x00002dcc      0x1b4 ./Sources/ADCandDAC.o
                0x00002dcc                ADC_Cal
 .text.ADC_Config_Alt
                0x00002f80       0x60 ./Sources/ADCandDAC.o
                0x00002f80                ADC_Config_Alt
 .text.InitADC0
                0x00002fe0       0x90 ./Sources/ADCandDAC.o
                0x00002fe0                InitADC0
 .text.InitADCs
                0x00003070       0x44 ./Sources/ADCandDAC.o
                0x00003070                InitADCs
 .text.snprintf
                0x000030b4       0x16 C:/Freescale/CW MCU v10.6/MCU/ARM_GCC_Support/ewl/lib/armv6-m\libc.a(snprintf.o)
                0x000030b4                snprintf
 .text.__StringWrite
                0x000030ca       0x26 C:/Freescale/CW MCU v10.6/MCU/ARM_GCC_Support/ewl/lib/armv6-m\libc.a(vsnprintf.o)
                0x000030ca                __StringWrite
 .text.vsnprintf
                0x000030f0       0x38 C:/Freescale/CW MCU v10.6/MCU/ARM_GCC_Support/ewl/lib/armv6-m\libc.a(vsnprintf.o)
                0x000030f0                vsnprintf
 .text.exit     0x00003128       0x38 C:/Freescale/CW MCU v10.6/MCU/ARM_GCC_Support/ewl/lib/armv6-m\libc.a(exit.o)
                0x00003128                exit
 .text.memcpy   0x00003160       0x12 C:/Freescale/CW MCU v10.6/MCU/ARM_GCC_Support/ewl/lib/armv6-m\libc.a(memcpy.o)
                0x00003160                memcpy
 .text.memset   0x00003172        0xc C:/Freescale/CW MCU v10.6/MCU/ARM_GCC_Support/ewl/lib/armv6-m\libc.a(memset.o)
                0x00003172                memset
 *fill*         0x0000317e        0x2 00
 .text.long2str.isra.0
                0x00003180      0x19c C:/Freescale/CW MCU v10.6/MCU/ARM_GCC_Support/ewl/lib/armv6-m\libc.a(printformat_.o)
 .text.__pformatter_
                0x0000331c      0x428 C:/Freescale/CW MCU v10.6/MCU/ARM_GCC_Support/ewl/lib/armv6-m\libc.a(printformat_.o)
                0x0000331c                __pformatter_
 .text.__sformatter
                0x00003744      0x698 C:/Freescale/CW MCU v10.6/MCU/ARM_GCC_Support/ewl/lib/armv6-m\libc.a(scanformat_.o)
                0x00003744                __sformatter
 .text.isalpha  0x00003ddc       0x20 C:/Freescale/CW MCU v10.6/MCU/ARM_GCC_Support/ewl/lib/armv6-m\libc.a(ctype_aeabi.o)
                0x00003ddc                isalpha
 .text.isspace  0x00003dfc       0x20 C:/Freescale/CW MCU v10.6/MCU/ARM_GCC_Support/ewl/lib/armv6-m\libc.a(ctype_aeabi.o)
                0x00003dfc                isspace
 .text.toupper  0x00003e1c        0xe C:/Freescale/CW MCU v10.6/MCU/ARM_GCC_Support/ewl/lib/armv6-m\libc.a(ctype_aeabi.o)
                0x00003e1c                toupper
 .text.__strtoul
                0x00003e2a      0x1ce C:/Freescale/CW MCU v10.6/MCU/ARM_GCC_Support/ewl/lib/armv6-m\libc.a(__strtoul.o)
                0x00003e2a                __strtoul
 .text.__fill_mem
                0x00003ff8       0x7e C:/Freescale/CW MCU v10.6/MCU/ARM_GCC_Support/ewl/lib/armv6-m\libc.a(__filll_mem.o)
                0x00003ff8                __fill_mem
 .text.memchr   0x00004076       0x1a C:/Freescale/CW MCU v10.6/MCU/ARM_GCC_Support/ewl/lib/armv6-m\libc.a(memchr.o)
                0x00004076                memchr
 .text.strchr   0x00004090       0x1e C:/Freescale/CW MCU v10.6/MCU/ARM_GCC_Support/ewl/lib/armv6-m\libc.a(strchr.o)
                0x00004090                strchr
 .text.strlen   0x000040ae       0x10 C:/Freescale/CW MCU v10.6/MCU/ARM_GCC_Support/ewl/lib/armv6-m\libc.a(strlen.o)
                0x000040ae                strlen
 *fill*         0x000040be        0x2 00
 .text.__init_cpp
                0x000040c0       0x48 C:/Freescale/CW MCU v10.6/MCU/ARM_GCC_Support/ewl/lib/armv6-m\librt.a(gcc_ctor_dtor.o)
                0x000040c0                __init_cpp
 .text.__fini_cpp
                0x00004108       0x34 C:/Freescale/CW MCU v10.6/MCU/ARM_GCC_Support/ewl/lib/armv6-m\librt.a(gcc_ctor_dtor.o)
                0x00004108                __fini_cpp
 .text.__copy_rom_section
                0x0000413c       0x48 C:/Freescale/CW MCU v10.6/MCU/ARM_GCC_Support/ewl/lib/armv6-m\librt.a(ROMCopy.o)
                0x0000413c                __copy_rom_section
 .text.__copy_rom_sections_to_ram
                0x00004184       0x34 C:/Freescale/CW MCU v10.6/MCU/ARM_GCC_Support/ewl/lib/armv6-m\librt.a(ROMCopy.o)
                0x00004184                __copy_rom_sections_to_ram
 .text.__destroy_global_chain
                0x000041b8       0x1c C:/Freescale/CW MCU v10.6/MCU/ARM_GCC_Support/ewl/lib/armv6-m\librt.a(__arm_eabi_init.o)
                0x000041b8                __destroy_global_chain
 .text.__init_registers
                0x000041d4       0x1c C:/Freescale/CW MCU v10.6/MCU/ARM_GCC_Support/ewl/lib/armv6-m\librt.a(__arm_eabi_init.o)
                0x000041d4                __init_registers
 .text.__init_user
                0x000041f0        0x4 C:/Freescale/CW MCU v10.6/MCU/ARM_GCC_Support/ewl/lib/armv6-m\librt.a(__arm_eabi_init.o)
                0x000041f0                __init_user
 *(.rodata)
 .rodata        0x000041f4       0xf8 ./Sources/main.o
 .rodata        0x000042ec       0x40 c:/freescale/cw mcu v10.6/cross_tools/arm-none-eabi-gcc-4_7_3/bin/../lib/gcc/arm-none-eabi/4.7.3/armv6-m\libgcc.a(divdf3.o)
 .rodata        0x0000432c       0x40 c:/freescale/cw mcu v10.6/cross_tools/arm-none-eabi-gcc-4_7_3/bin/../lib/gcc/arm-none-eabi/4.7.3/armv6-m\libgcc.a(muldf3.o)
 *(.rodata*)
 .rodata.UART0_IRQHandler
                0x0000436c       0x18 ./Sources/main.o
 .rodata.PIT_IRQHandler
                0x00004384       0x24 ./Sources/main.o
 .rodata.str1.1
                0x000043a8        0x1 C:/Freescale/CW MCU v10.6/MCU/ARM_GCC_Support/ewl/lib/armv6-m\libc.a(printformat_.o)
 .rodata.CSWTCH.20
                0x000043a9        0x5 C:/Freescale/CW MCU v10.6/MCU/ARM_GCC_Support/ewl/lib/armv6-m\libc.a(printformat_.o)
 .rodata.CSWTCH.21
                0x000043ae        0x5 C:/Freescale/CW MCU v10.6/MCU/ARM_GCC_Support/ewl/lib/armv6-m\libc.a(printformat_.o)
 .rodata.__aeabi_ctype_table_C
                0x000043b3      0x101 C:/Freescale/CW MCU v10.6/MCU/ARM_GCC_Support/ewl/lib/armv6-m\libc.a(ctype_aeabi.o)
                0x000043b3                __aeabi_ctype_table_C
 *(.glue_7)
 .glue_7        0x00000000        0x0 linker stubs
 *(.glue_7t)
 .glue_7t       0x00000000        0x0 linker stubs
 *(.eh_frame)
 *(.init)
 *(.fini)
                0x000044b4                . = ALIGN (0x4)
                0x000044b4                _etext = .

.vfp11_veneer   0x000044b4        0x0
 .vfp11_veneer  0x00000000        0x0 linker stubs

.v4_bx          0x000044b4        0x0
 .v4_bx         0x00000000        0x0 linker stubs

.iplt           0x000044b4        0x0
 .iplt          0x00000000        0x0 ./Project_Settings/Startup_Code/kinetis_sysinit.o

.rel.dyn        0x000044b4        0x0
 .rel.iplt      0x00000000        0x0 ./Project_Settings/Startup_Code/kinetis_sysinit.o

.ARM.extab
 *(.ARM.extab* .gnu.linkonce.armextab.*)

.ARM            0x000044b4        0x0
                0x000044b4                __exidx_start = .
 *(.ARM.exidx*)
                0x000044b4                __exidx_end = .

.ctors          0x000044b4        0x0
                0x000044b4                __CTOR_LIST__ = .
 *crtbegin.o(.ctors)
 *(EXCLUDE_FILE(*crtend.o) .ctors)
 *(SORT(.ctors.*))
 *(.ctors)
                0x000044b4                __CTOR_END__ = .

.dtors          0x000044b4        0x0
                0x000044b4                __DTOR_LIST__ = .
 *crtbegin.o(.dtors)
 *(EXCLUDE_FILE(*crtend.o) .dtors)
 *(SORT(.dtors.*))
 *(.dtors)
                0x000044b4                __DTOR_END__ = .

.preinit_array  0x000044b4        0x0
                0x000044b4                PROVIDE (__preinit_array_start, .)
 *(.preinit_array*)
                0x000044b4                PROVIDE (__preinit_array_end, .)

.init_array     0x000044b4        0x0
                0x000044b4                PROVIDE (__init_array_start, .)
 *(SORT(.init_array.*))
 *(.init_array*)
                0x000044b4                PROVIDE (__init_array_end, .)

.fini_array     0x000044b4        0x0
                0x000044b4                PROVIDE (__fini_array_start, .)
 *(SORT(.fini_array.*))
 *(.fini_array*)
                0x000044b4                PROVIDE (__fini_array_end, .)
                0x000044b4                ___ROM_AT = .

.mtb            0x1ffff000        0x0
                0x1ffff000                . = ALIGN (0x8)
                0x1ffff000                _mtb_start = .
 *(.mtb_buf)
                0x1ffff000                . = ALIGN (0x8)
                0x1ffff000                _mtb_end = .

.data           0x1ffff000        0x4 load address 0x000044b4
                0x1ffff000                . = ALIGN (0x4)
                0x1ffff000                _sdata = .
 *(.data)
 *(.data*)
 .data.k        0x1ffff000        0x4 ./Sources/main.o
                0x1ffff000                k
                0x1ffff004                . = ALIGN (0x4)
                0x1ffff004                _edata = .
                0x00000004                ___data_size = (_edata - _sdata)

.igot.plt       0x1ffff004        0x0 load address 0x000044b8
 .igot.plt      0x00000000        0x0 ./Project_Settings/Startup_Code/kinetis_sysinit.o
                0x1ffff004                . = ALIGN (0x4)

.bss            0x1ffff004       0x1c load address 0x000044b8
                0x1ffff004                __START_BSS = .
                0x1ffff004                PROVIDE (__bss_start__, __START_BSS)
 *(.bss)
 *(.bss*)
 .bss.argv      0x1ffff004        0x4 ./Project_Settings/Startup_Code/__arm_start.o
 .bss.__stdio_exit
                0x1ffff008        0x4 C:/Freescale/CW MCU v10.6/MCU/ARM_GCC_Support/ewl/lib/armv6-m\libc.a(exit.o)
                0x1ffff008                __stdio_exit
 .bss.__console_exit
                0x1ffff00c        0x4 C:/Freescale/CW MCU v10.6/MCU/ARM_GCC_Support/ewl/lib/armv6-m\libc.a(exit.o)
                0x1ffff00c                __console_exit
 .bss.__S_romp  0x1ffff010        0xc C:/Freescale/CW MCU v10.6/MCU/ARM_GCC_Support/ewl/lib/armv6-m\librt.a(ROMCopy.o)
 .bss.__global_destructor_chain
                0x1ffff01c        0x4 C:/Freescale/CW MCU v10.6/MCU/ARM_GCC_Support/ewl/lib/armv6-m\librt.a(__arm_eabi_init.o)
                0x1ffff01c                __global_destructor_chain
 *(COMMON)
                0x1ffff020                . = ALIGN (0x4)
                0x1ffff020                __END_BSS = .
                0x1ffff020                PROVIDE (__bss_end__, __END_BSS)
                0x000044b8                _romp_at = (___ROM_AT + SIZEOF (.data))

.romp           0x1ffff020       0x18 load address 0x000044b8
                0x000044b8                __S_romp = _romp_at
                0x1ffff020        0x4 LONG 0x44b4 ___ROM_AT
                0x1ffff024        0x4 LONG 0x1ffff000 _sdata
                0x1ffff028        0x4 LONG 0x4 ___data_size
                0x1ffff02c        0x4 LONG 0x0
                0x1ffff030        0x4 LONG 0x0
                0x1ffff034        0x4 LONG 0x0

._user_heap_stack
                0x1ffff038      0x800 load address 0x000044d0
                0x1ffff038                . = ALIGN (0x4)
                0x1ffff038                PROVIDE (end, .)
                0x1ffff038                PROVIDE (_end, .)
                0x1ffff038                __heap_addr = .
                0x1ffff438                . = (. + __heap_size)
 *fill*         0x1ffff038      0x400 00
                0x1ffff838                . = (. + __stack_size)
 *fill*         0x1ffff438      0x400 00
                0x1ffff838                . = ALIGN (0x4)

.ARM.attributes
                0x00000000       0x31
 *(.ARM.attributes)
 .ARM.attributes
                0x00000000       0x31 ./Project_Settings/Startup_Code/kinetis_sysinit.o
 .ARM.attributes
                0x00000031       0x31 ./Project_Settings/Startup_Code/__arm_start.o
 .ARM.attributes
                0x00000062       0x31 ./Project_Settings/Startup_Code/__arm_end.o
 .ARM.attributes
                0x00000093       0x31 ./Sources/mcg.o
 .ARM.attributes
                0x000000c4       0x31 ./Sources/main.o
 .ARM.attributes
                0x000000f5       0x31 ./Sources/arm_cm0.o
 .ARM.attributes
                0x00000126       0x31 ./Sources/UART.o
 .ARM.attributes
                0x00000157       0x31 ./Sources/BoardSupport.o
 .ARM.attributes
                0x00000188       0x31 ./Sources/ADCandDAC.o
 .ARM.attributes
                0x000001b9       0x31 C:/Freescale/CW MCU v10.6/MCU/ARM_GCC_Support/ewl/lib/armv6-m\libc.a(snprintf.o)
 .ARM.attributes
                0x000001ea       0x31 C:/Freescale/CW MCU v10.6/MCU/ARM_GCC_Support/ewl/lib/armv6-m\libc.a(vsnprintf.o)
 .ARM.attributes
                0x0000021b       0x31 C:/Freescale/CW MCU v10.6/MCU/ARM_GCC_Support/ewl/lib/armv6-m\libc.a(exit.o)
 .ARM.attributes
                0x0000024c       0x31 C:/Freescale/CW MCU v10.6/MCU/ARM_GCC_Support/ewl/lib/armv6-m\libc.a(memcpy.o)
 .ARM.attributes
                0x0000027d       0x31 C:/Freescale/CW MCU v10.6/MCU/ARM_GCC_Support/ewl/lib/armv6-m\libc.a(memset.o)
 .ARM.attributes
                0x000002ae       0x31 C:/Freescale/CW MCU v10.6/MCU/ARM_GCC_Support/ewl/lib/armv6-m\libc.a(printformat_.o)
 .ARM.attributes
                0x000002df       0x31 C:/Freescale/CW MCU v10.6/MCU/ARM_GCC_Support/ewl/lib/armv6-m\libc.a(scanformat_.o)
 .ARM.attributes
                0x00000310       0x31 C:/Freescale/CW MCU v10.6/MCU/ARM_GCC_Support/ewl/lib/armv6-m\libc.a(ctype_aeabi.o)
 .ARM.attributes
                0x00000341       0x31 C:/Freescale/CW MCU v10.6/MCU/ARM_GCC_Support/ewl/lib/armv6-m\libc.a(__strtoul.o)
 .ARM.attributes
                0x00000372       0x31 C:/Freescale/CW MCU v10.6/MCU/ARM_GCC_Support/ewl/lib/armv6-m\libc.a(__filll_mem.o)
 .ARM.attributes
                0x000003a3       0x31 C:/Freescale/CW MCU v10.6/MCU/ARM_GCC_Support/ewl/lib/armv6-m\libc.a(memchr.o)
 .ARM.attributes
                0x000003d4       0x31 C:/Freescale/CW MCU v10.6/MCU/ARM_GCC_Support/ewl/lib/armv6-m\libc.a(strchr.o)
 .ARM.attributes
                0x00000405       0x31 C:/Freescale/CW MCU v10.6/MCU/ARM_GCC_Support/ewl/lib/armv6-m\libc.a(strlen.o)
 .ARM.attributes
                0x00000436       0x1e c:/freescale/cw mcu v10.6/cross_tools/arm-none-eabi-gcc-4_7_3/bin/../lib/gcc/arm-none-eabi/4.7.3/armv6-m\libgcc.a(_thumb1_case_sqi.o)
 .ARM.attributes
                0x00000454       0x1e c:/freescale/cw mcu v10.6/cross_tools/arm-none-eabi-gcc-4_7_3/bin/../lib/gcc/arm-none-eabi/4.7.3/armv6-m\libgcc.a(_thumb1_case_uqi.o)
 .ARM.attributes
                0x00000472       0x1e c:/freescale/cw mcu v10.6/cross_tools/arm-none-eabi-gcc-4_7_3/bin/../lib/gcc/arm-none-eabi/4.7.3/armv6-m\libgcc.a(_udivsi3.o)
 .ARM.attributes
                0x00000490       0x1e c:/freescale/cw mcu v10.6/cross_tools/arm-none-eabi-gcc-4_7_3/bin/../lib/gcc/arm-none-eabi/4.7.3/armv6-m\libgcc.a(_divsi3.o)
 .ARM.attributes
                0x000004ae       0x1e c:/freescale/cw mcu v10.6/cross_tools/arm-none-eabi-gcc-4_7_3/bin/../lib/gcc/arm-none-eabi/4.7.3/armv6-m\libgcc.a(_dvmd_tls.o)
 .ARM.attributes
                0x000004cc       0x2c c:/freescale/cw mcu v10.6/cross_tools/arm-none-eabi-gcc-4_7_3/bin/../lib/gcc/arm-none-eabi/4.7.3/armv6-m\libgcc.a(divdf3.o)
 .ARM.attributes
                0x000004f8       0x2c c:/freescale/cw mcu v10.6/cross_tools/arm-none-eabi-gcc-4_7_3/bin/../lib/gcc/arm-none-eabi/4.7.3/armv6-m\libgcc.a(muldf3.o)
 .ARM.attributes
                0x00000524       0x2c c:/freescale/cw mcu v10.6/cross_tools/arm-none-eabi-gcc-4_7_3/bin/../lib/gcc/arm-none-eabi/4.7.3/armv6-m\libgcc.a(subdf3.o)
 .ARM.attributes
                0x00000550       0x2c c:/freescale/cw mcu v10.6/cross_tools/arm-none-eabi-gcc-4_7_3/bin/../lib/gcc/arm-none-eabi/4.7.3/armv6-m\libgcc.a(fixdfsi.o)
 .ARM.attributes
                0x0000057c       0x2c c:/freescale/cw mcu v10.6/cross_tools/arm-none-eabi-gcc-4_7_3/bin/../lib/gcc/arm-none-eabi/4.7.3/armv6-m\libgcc.a(floatsidf.o)
 .ARM.attributes
                0x000005a8       0x2c c:/freescale/cw mcu v10.6/cross_tools/arm-none-eabi-gcc-4_7_3/bin/../lib/gcc/arm-none-eabi/4.7.3/armv6-m\libgcc.a(floatunsidf.o)
 .ARM.attributes
                0x000005d4       0x1e c:/freescale/cw mcu v10.6/cross_tools/arm-none-eabi-gcc-4_7_3/bin/../lib/gcc/arm-none-eabi/4.7.3/armv6-m\libgcc.a(_clzsi2.o)
 .ARM.attributes
                0x000005f2       0x31 C:/Freescale/CW MCU v10.6/MCU/ARM_GCC_Support/ewl/lib/armv6-m\librt.a(gcc_ctor_dtor.o)
 .ARM.attributes
                0x00000623       0x31 C:/Freescale/CW MCU v10.6/MCU/ARM_GCC_Support/ewl/lib/armv6-m\librt.a(ROMCopy.o)
 .ARM.attributes
                0x00000654       0x31 C:/Freescale/CW MCU v10.6/MCU/ARM_GCC_Support/ewl/lib/armv6-m\librt.a(__arm_eabi_init.o)
OUTPUT(Lab6prelab.elf elf32-littlearm)

.debug_info     0x00000000     0x56a0
 .debug_info    0x00000000      0x447 ./Project_Settings/Startup_Code/kinetis_sysinit.o
 .debug_info    0x00000447      0x12a ./Project_Settings/Startup_Code/__arm_start.o
 .debug_info    0x00000571       0x54 ./Project_Settings/Startup_Code/__arm_end.o
 .debug_info    0x000005c5      0xf8e ./Sources/mcg.o
 .debug_info    0x00001553      0x640 ./Sources/main.o
 .debug_info    0x00001b93      0x3cb ./Sources/arm_cm0.o
 .debug_info    0x00001f5e      0x797 ./Sources/UART.o
 .debug_info    0x000026f5      0x758 ./Sources/BoardSupport.o
 .debug_info    0x00002e4d      0x900 ./Sources/ADCandDAC.o
 .debug_info    0x0000374d      0x136 C:/Freescale/CW MCU v10.6/MCU/ARM_GCC_Support/ewl/lib/armv6-m\libc.a(snprintf.o)
 .debug_info    0x00003883      0x205 C:/Freescale/CW MCU v10.6/MCU/ARM_GCC_Support/ewl/lib/armv6-m\libc.a(vsnprintf.o)
 .debug_info    0x00003a88       0xe8 C:/Freescale/CW MCU v10.6/MCU/ARM_GCC_Support/ewl/lib/armv6-m\libc.a(exit.o)
 .debug_info    0x00003b70      0x10f C:/Freescale/CW MCU v10.6/MCU/ARM_GCC_Support/ewl/lib/armv6-m\libc.a(memcpy.o)
 .debug_info    0x00003c7f       0xec C:/Freescale/CW MCU v10.6/MCU/ARM_GCC_Support/ewl/lib/armv6-m\libc.a(memset.o)
 .debug_info    0x00003d6b      0x50d C:/Freescale/CW MCU v10.6/MCU/ARM_GCC_Support/ewl/lib/armv6-m\libc.a(printformat_.o)
 .debug_info    0x00004278      0x568 C:/Freescale/CW MCU v10.6/MCU/ARM_GCC_Support/ewl/lib/armv6-m\libc.a(scanformat_.o)
 .debug_info    0x000047e0      0x313 C:/Freescale/CW MCU v10.6/MCU/ARM_GCC_Support/ewl/lib/armv6-m\libc.a(ctype_aeabi.o)
 .debug_info    0x00004af3      0x1d6 C:/Freescale/CW MCU v10.6/MCU/ARM_GCC_Support/ewl/lib/armv6-m\libc.a(__strtoul.o)
 .debug_info    0x00004cc9      0x137 C:/Freescale/CW MCU v10.6/MCU/ARM_GCC_Support/ewl/lib/armv6-m\libc.a(__filll_mem.o)
 .debug_info    0x00004e00      0x121 C:/Freescale/CW MCU v10.6/MCU/ARM_GCC_Support/ewl/lib/armv6-m\libc.a(memchr.o)
 .debug_info    0x00004f21      0x10b C:/Freescale/CW MCU v10.6/MCU/ARM_GCC_Support/ewl/lib/armv6-m\libc.a(strchr.o)
 .debug_info    0x0000502c       0xea C:/Freescale/CW MCU v10.6/MCU/ARM_GCC_Support/ewl/lib/armv6-m\libc.a(strlen.o)
 .debug_info    0x00005116      0x136 C:/Freescale/CW MCU v10.6/MCU/ARM_GCC_Support/ewl/lib/armv6-m\librt.a(gcc_ctor_dtor.o)
 .debug_info    0x0000524c      0x19b C:/Freescale/CW MCU v10.6/MCU/ARM_GCC_Support/ewl/lib/armv6-m\librt.a(ROMCopy.o)
 .debug_info    0x000053e7      0x2b9 C:/Freescale/CW MCU v10.6/MCU/ARM_GCC_Support/ewl/lib/armv6-m\librt.a(__arm_eabi_init.o)

.debug_abbrev   0x00000000     0x17a3
 .debug_abbrev  0x00000000       0xe7 ./Project_Settings/Startup_Code/kinetis_sysinit.o
 .debug_abbrev  0x000000e7       0x92 ./Project_Settings/Startup_Code/__arm_start.o
 .debug_abbrev  0x00000179       0x4c ./Project_Settings/Startup_Code/__arm_end.o
 .debug_abbrev  0x000001c5      0x18d ./Sources/mcg.o
 .debug_abbrev  0x00000352      0x17b ./Sources/main.o
 .debug_abbrev  0x000004cd      0x102 ./Sources/arm_cm0.o
 .debug_abbrev  0x000005cf      0x13e ./Sources/UART.o
 .debug_abbrev  0x0000070d      0x12b ./Sources/BoardSupport.o
 .debug_abbrev  0x00000838      0x19c ./Sources/ADCandDAC.o
 .debug_abbrev  0x000009d4       0xb1 C:/Freescale/CW MCU v10.6/MCU/ARM_GCC_Support/ewl/lib/armv6-m\libc.a(snprintf.o)
 .debug_abbrev  0x00000a85       0xf0 C:/Freescale/CW MCU v10.6/MCU/ARM_GCC_Support/ewl/lib/armv6-m\libc.a(vsnprintf.o)
 .debug_abbrev  0x00000b75       0x7a C:/Freescale/CW MCU v10.6/MCU/ARM_GCC_Support/ewl/lib/armv6-m\libc.a(exit.o)
 .debug_abbrev  0x00000bef       0x95 C:/Freescale/CW MCU v10.6/MCU/ARM_GCC_Support/ewl/lib/armv6-m\libc.a(memcpy.o)
 .debug_abbrev  0x00000c84       0x62 C:/Freescale/CW MCU v10.6/MCU/ARM_GCC_Support/ewl/lib/armv6-m\libc.a(memset.o)
 .debug_abbrev  0x00000ce6      0x200 C:/Freescale/CW MCU v10.6/MCU/ARM_GCC_Support/ewl/lib/armv6-m\libc.a(printformat_.o)
 .debug_abbrev  0x00000ee6      0x1f0 C:/Freescale/CW MCU v10.6/MCU/ARM_GCC_Support/ewl/lib/armv6-m\libc.a(scanformat_.o)
 .debug_abbrev  0x000010d6       0x9e C:/Freescale/CW MCU v10.6/MCU/ARM_GCC_Support/ewl/lib/armv6-m\libc.a(ctype_aeabi.o)
 .debug_abbrev  0x00001174       0xc2 C:/Freescale/CW MCU v10.6/MCU/ARM_GCC_Support/ewl/lib/armv6-m\libc.a(__strtoul.o)
 .debug_abbrev  0x00001236       0x78 C:/Freescale/CW MCU v10.6/MCU/ARM_GCC_Support/ewl/lib/armv6-m\libc.a(__filll_mem.o)
 .debug_abbrev  0x000012ae       0x95 C:/Freescale/CW MCU v10.6/MCU/ARM_GCC_Support/ewl/lib/armv6-m\libc.a(memchr.o)
 .debug_abbrev  0x00001343       0x7a C:/Freescale/CW MCU v10.6/MCU/ARM_GCC_Support/ewl/lib/armv6-m\libc.a(strchr.o)
 .debug_abbrev  0x000013bd       0x7a C:/Freescale/CW MCU v10.6/MCU/ARM_GCC_Support/ewl/lib/armv6-m\libc.a(strlen.o)
 .debug_abbrev  0x00001437       0x99 C:/Freescale/CW MCU v10.6/MCU/ARM_GCC_Support/ewl/lib/armv6-m\librt.a(gcc_ctor_dtor.o)
 .debug_abbrev  0x000014d0      0x120 C:/Freescale/CW MCU v10.6/MCU/ARM_GCC_Support/ewl/lib/armv6-m\librt.a(ROMCopy.o)
 .debug_abbrev  0x000015f0      0x1b3 C:/Freescale/CW MCU v10.6/MCU/ARM_GCC_Support/ewl/lib/armv6-m\librt.a(__arm_eabi_init.o)

.debug_loc      0x00000000     0x34fe
 .debug_loc     0x00000000       0x58 ./Project_Settings/Startup_Code/kinetis_sysinit.o
 .debug_loc     0x00000058       0x2c ./Project_Settings/Startup_Code/__arm_start.o
 .debug_loc     0x00000084       0x38 ./Project_Settings/Startup_Code/__arm_end.o
 .debug_loc     0x000000bc      0x64c ./Sources/mcg.o
 .debug_loc     0x00000708      0x100 ./Sources/main.o
 .debug_loc     0x00000808      0x138 ./Sources/arm_cm0.o
 .debug_loc     0x00000940      0x144 ./Sources/UART.o
 .debug_loc     0x00000a84      0x100 ./Sources/BoardSupport.o
 .debug_loc     0x00000b84      0x138 ./Sources/ADCandDAC.o
 .debug_loc     0x00000cbc       0x52 C:/Freescale/CW MCU v10.6/MCU/ARM_GCC_Support/ewl/lib/armv6-m\libc.a(snprintf.o)
 .debug_loc     0x00000d0e      0x105 C:/Freescale/CW MCU v10.6/MCU/ARM_GCC_Support/ewl/lib/armv6-m\libc.a(vsnprintf.o)
 .debug_loc     0x00000e13       0x3e C:/Freescale/CW MCU v10.6/MCU/ARM_GCC_Support/ewl/lib/armv6-m\libc.a(exit.o)
 .debug_loc     0x00000e51       0x59 C:/Freescale/CW MCU v10.6/MCU/ARM_GCC_Support/ewl/lib/armv6-m\libc.a(memcpy.o)
 .debug_loc     0x00000eaa       0x6f C:/Freescale/CW MCU v10.6/MCU/ARM_GCC_Support/ewl/lib/armv6-m\libc.a(memset.o)
 .debug_loc     0x00000f19     0x104b C:/Freescale/CW MCU v10.6/MCU/ARM_GCC_Support/ewl/lib/armv6-m\libc.a(printformat_.o)
 .debug_loc     0x00001f64      0x9d8 C:/Freescale/CW MCU v10.6/MCU/ARM_GCC_Support/ewl/lib/armv6-m\libc.a(scanformat_.o)
 .debug_loc     0x0000293c      0x30d C:/Freescale/CW MCU v10.6/MCU/ARM_GCC_Support/ewl/lib/armv6-m\libc.a(ctype_aeabi.o)
 .debug_loc     0x00002c49      0x305 C:/Freescale/CW MCU v10.6/MCU/ARM_GCC_Support/ewl/lib/armv6-m\libc.a(__strtoul.o)
 .debug_loc     0x00002f4e      0x14a C:/Freescale/CW MCU v10.6/MCU/ARM_GCC_Support/ewl/lib/armv6-m\libc.a(__filll_mem.o)
 .debug_loc     0x00003098       0x77 C:/Freescale/CW MCU v10.6/MCU/ARM_GCC_Support/ewl/lib/armv6-m\libc.a(memchr.o)
 .debug_loc     0x0000310f       0xaf C:/Freescale/CW MCU v10.6/MCU/ARM_GCC_Support/ewl/lib/armv6-m\libc.a(strchr.o)
 .debug_loc     0x000031be       0x33 C:/Freescale/CW MCU v10.6/MCU/ARM_GCC_Support/ewl/lib/armv6-m\libc.a(strlen.o)
 .debug_loc     0x000031f1       0x9d C:/Freescale/CW MCU v10.6/MCU/ARM_GCC_Support/ewl/lib/armv6-m\librt.a(gcc_ctor_dtor.o)
 .debug_loc     0x0000328e       0xd9 C:/Freescale/CW MCU v10.6/MCU/ARM_GCC_Support/ewl/lib/armv6-m\librt.a(ROMCopy.o)
 .debug_loc     0x00003367      0x197 C:/Freescale/CW MCU v10.6/MCU/ARM_GCC_Support/ewl/lib/armv6-m\librt.a(__arm_eabi_init.o)

.debug_aranges  0x00000000      0x598
 .debug_aranges
                0x00000000       0x28 ./Project_Settings/Startup_Code/kinetis_sysinit.o
 .debug_aranges
                0x00000028       0x30 ./Project_Settings/Startup_Code/__arm_start.o
 .debug_aranges
                0x00000058       0x20 ./Project_Settings/Startup_Code/__arm_end.o
 .debug_aranges
                0x00000078      0x100 ./Sources/mcg.o
 .debug_aranges
                0x00000178       0x40 ./Sources/main.o
 .debug_aranges
                0x000001b8       0x48 ./Sources/arm_cm0.o
 .debug_aranges
                0x00000200       0x48 ./Sources/UART.o
 .debug_aranges
                0x00000248       0x40 ./Sources/BoardSupport.o
 .debug_aranges
                0x00000288       0x48 ./Sources/ADCandDAC.o
 .debug_aranges
                0x000002d0       0x20 C:/Freescale/CW MCU v10.6/MCU/ARM_GCC_Support/ewl/lib/armv6-m\libc.a(snprintf.o)
 .debug_aranges
                0x000002f0       0x28 C:/Freescale/CW MCU v10.6/MCU/ARM_GCC_Support/ewl/lib/armv6-m\libc.a(vsnprintf.o)
 .debug_aranges
                0x00000318       0x20 C:/Freescale/CW MCU v10.6/MCU/ARM_GCC_Support/ewl/lib/armv6-m\libc.a(exit.o)
 .debug_aranges
                0x00000338       0x20 C:/Freescale/CW MCU v10.6/MCU/ARM_GCC_Support/ewl/lib/armv6-m\libc.a(memcpy.o)
 .debug_aranges
                0x00000358       0x20 C:/Freescale/CW MCU v10.6/MCU/ARM_GCC_Support/ewl/lib/armv6-m\libc.a(memset.o)
 .debug_aranges
                0x00000378       0x28 C:/Freescale/CW MCU v10.6/MCU/ARM_GCC_Support/ewl/lib/armv6-m\libc.a(printformat_.o)
 .debug_aranges
                0x000003a0       0x20 C:/Freescale/CW MCU v10.6/MCU/ARM_GCC_Support/ewl/lib/armv6-m\libc.a(scanformat_.o)
 .debug_aranges
                0x000003c0       0x88 C:/Freescale/CW MCU v10.6/MCU/ARM_GCC_Support/ewl/lib/armv6-m\libc.a(ctype_aeabi.o)
 .debug_aranges
                0x00000448       0x20 C:/Freescale/CW MCU v10.6/MCU/ARM_GCC_Support/ewl/lib/armv6-m\libc.a(__strtoul.o)
 .debug_aranges
                0x00000468       0x20 C:/Freescale/CW MCU v10.6/MCU/ARM_GCC_Support/ewl/lib/armv6-m\libc.a(__filll_mem.o)
 .debug_aranges
                0x00000488       0x20 C:/Freescale/CW MCU v10.6/MCU/ARM_GCC_Support/ewl/lib/armv6-m\libc.a(memchr.o)
 .debug_aranges
                0x000004a8       0x20 C:/Freescale/CW MCU v10.6/MCU/ARM_GCC_Support/ewl/lib/armv6-m\libc.a(strchr.o)
 .debug_aranges
                0x000004c8       0x20 C:/Freescale/CW MCU v10.6/MCU/ARM_GCC_Support/ewl/lib/armv6-m\libc.a(strlen.o)
 .debug_aranges
                0x000004e8       0x28 C:/Freescale/CW MCU v10.6/MCU/ARM_GCC_Support/ewl/lib/armv6-m\librt.a(gcc_ctor_dtor.o)
 .debug_aranges
                0x00000510       0x30 C:/Freescale/CW MCU v10.6/MCU/ARM_GCC_Support/ewl/lib/armv6-m\librt.a(ROMCopy.o)
 .debug_aranges
                0x00000540       0x58 C:/Freescale/CW MCU v10.6/MCU/ARM_GCC_Support/ewl/lib/armv6-m\librt.a(__arm_eabi_init.o)

.debug_macinfo  0x00000000   0x118070
 .debug_macinfo
                0x00000000    0x264f0 ./Project_Settings/Startup_Code/kinetis_sysinit.o
 .debug_macinfo
                0x000264f0     0x3e6d ./Project_Settings/Startup_Code/__arm_start.o
 .debug_macinfo
                0x0002a35d     0x3456 ./Project_Settings/Startup_Code/__arm_end.o
 .debug_macinfo
                0x0002d7b3    0x265cb ./Sources/mcg.o
 .debug_macinfo
                0x00053d7e    0x27546 ./Sources/main.o
 .debug_macinfo
                0x0007b2c4    0x26567 ./Sources/arm_cm0.o
 .debug_macinfo
                0x000a182b    0x27546 ./Sources/UART.o
 .debug_macinfo
                0x000c8d71    0x27647 ./Sources/BoardSupport.o
 .debug_macinfo
                0x000f03b8    0x27cb8 ./Sources/ADCandDAC.o

.debug_line     0x00000000     0x32e2
 .debug_line    0x00000000      0x235 ./Project_Settings/Startup_Code/kinetis_sysinit.o
 .debug_line    0x00000235      0x2b8 ./Project_Settings/Startup_Code/__arm_start.o
 .debug_line    0x000004ed      0x266 ./Project_Settings/Startup_Code/__arm_end.o
 .debug_line    0x00000753      0x9c1 ./Sources/mcg.o
 .debug_line    0x00001114      0x3d4 ./Sources/main.o
 .debug_line    0x000014e8      0x264 ./Sources/arm_cm0.o
 .debug_line    0x0000174c      0x3d4 ./Sources/UART.o
 .debug_line    0x00001b20      0x3a3 ./Sources/BoardSupport.o
 .debug_line    0x00001ec3      0x3d0 ./Sources/ADCandDAC.o
 .debug_line    0x00002293       0x9f C:/Freescale/CW MCU v10.6/MCU/ARM_GCC_Support/ewl/lib/armv6-m\libc.a(snprintf.o)
 .debug_line    0x00002332       0xd4 C:/Freescale/CW MCU v10.6/MCU/ARM_GCC_Support/ewl/lib/armv6-m\libc.a(vsnprintf.o)
 .debug_line    0x00002406       0x8d C:/Freescale/CW MCU v10.6/MCU/ARM_GCC_Support/ewl/lib/armv6-m\libc.a(exit.o)
 .debug_line    0x00002493       0x8b C:/Freescale/CW MCU v10.6/MCU/ARM_GCC_Support/ewl/lib/armv6-m\libc.a(memcpy.o)
 .debug_line    0x0000251e       0x90 C:/Freescale/CW MCU v10.6/MCU/ARM_GCC_Support/ewl/lib/armv6-m\libc.a(memset.o)
 .debug_line    0x000025ae      0x2c3 C:/Freescale/CW MCU v10.6/MCU/ARM_GCC_Support/ewl/lib/armv6-m\libc.a(printformat_.o)
 .debug_line    0x00002871      0x2be C:/Freescale/CW MCU v10.6/MCU/ARM_GCC_Support/ewl/lib/armv6-m\libc.a(scanformat_.o)
 .debug_line    0x00002b2f      0x1be C:/Freescale/CW MCU v10.6/MCU/ARM_GCC_Support/ewl/lib/armv6-m\libc.a(ctype_aeabi.o)
 .debug_line    0x00002ced      0x11e C:/Freescale/CW MCU v10.6/MCU/ARM_GCC_Support/ewl/lib/armv6-m\libc.a(__strtoul.o)
 .debug_line    0x00002e0b       0xf6 C:/Freescale/CW MCU v10.6/MCU/ARM_GCC_Support/ewl/lib/armv6-m\libc.a(__filll_mem.o)
 .debug_line    0x00002f01       0x9f C:/Freescale/CW MCU v10.6/MCU/ARM_GCC_Support/ewl/lib/armv6-m\libc.a(memchr.o)
 .debug_line    0x00002fa0       0x7d C:/Freescale/CW MCU v10.6/MCU/ARM_GCC_Support/ewl/lib/armv6-m\libc.a(strchr.o)
 .debug_line    0x0000301d       0x85 C:/Freescale/CW MCU v10.6/MCU/ARM_GCC_Support/ewl/lib/armv6-m\libc.a(strlen.o)
 .debug_line    0x000030a2       0x6c C:/Freescale/CW MCU v10.6/MCU/ARM_GCC_Support/ewl/lib/armv6-m\librt.a(gcc_ctor_dtor.o)
 .debug_line    0x0000310e       0xbd C:/Freescale/CW MCU v10.6/MCU/ARM_GCC_Support/ewl/lib/armv6-m\librt.a(ROMCopy.o)
 .debug_line    0x000031cb      0x117 C:/Freescale/CW MCU v10.6/MCU/ARM_GCC_Support/ewl/lib/armv6-m\librt.a(__arm_eabi_init.o)

.debug_str      0x00000000     0x15ef
 .debug_str     0x00000000      0x2b6 ./Project_Settings/Startup_Code/kinetis_sysinit.o
                                0x2dd (size before relaxing)
 .debug_str     0x000002b6       0x85 ./Project_Settings/Startup_Code/__arm_start.o
                                0x1b7 (size before relaxing)
 .debug_str     0x0000033b       0x41 ./Project_Settings/Startup_Code/__arm_end.o
                                 0xee (size before relaxing)
 .debug_str     0x0000037c      0x2a7 ./Sources/mcg.o
                                0x4f1 (size before relaxing)
 .debug_str     0x00000623      0x145 ./Sources/main.o
                                0x314 (size before relaxing)
 .debug_str     0x00000768       0x9c ./Sources/arm_cm0.o
                                0x24f (size before relaxing)
 .debug_str     0x00000804      0x30b ./Sources/UART.o
                                0x594 (size before relaxing)
 .debug_str     0x00000b0f       0x8b ./Sources/BoardSupport.o
                                0x598 (size before relaxing)
 .debug_str     0x00000b9a      0x130 ./Sources/ADCandDAC.o
                                0x5fa (size before relaxing)
 .debug_str     0x00000cca       0x5c C:/Freescale/CW MCU v10.6/MCU/ARM_GCC_Support/ewl/lib/armv6-m\libc.a(snprintf.o)
                                0x16c (size before relaxing)
 .debug_str     0x00000d26       0x83 C:/Freescale/CW MCU v10.6/MCU/ARM_GCC_Support/ewl/lib/armv6-m\libc.a(vsnprintf.o)
                                0x1cc (size before relaxing)
 .debug_str     0x00000da9       0x2e C:/Freescale/CW MCU v10.6/MCU/ARM_GCC_Support/ewl/lib/armv6-m\libc.a(exit.o)
                                0x157 (size before relaxing)
 .debug_str     0x00000dd7       0x1c C:/Freescale/CW MCU v10.6/MCU/ARM_GCC_Support/ewl/lib/armv6-m\libc.a(memcpy.o)
                                0x138 (size before relaxing)
 .debug_str     0x00000df3       0x1c C:/Freescale/CW MCU v10.6/MCU/ARM_GCC_Support/ewl/lib/armv6-m\libc.a(memset.o)
                                0x140 (size before relaxing)
 .debug_str     0x00000e0f      0x22c C:/Freescale/CW MCU v10.6/MCU/ARM_GCC_Support/ewl/lib/armv6-m\libc.a(printformat_.o)
                                0x3b3 (size before relaxing)
 .debug_str     0x0000103b      0x184 C:/Freescale/CW MCU v10.6/MCU/ARM_GCC_Support/ewl/lib/armv6-m\libc.a(scanformat_.o)
                                0x3f9 (size before relaxing)
 .debug_str     0x000011bf       0x9d C:/Freescale/CW MCU v10.6/MCU/ARM_GCC_Support/ewl/lib/armv6-m\libc.a(ctype_aeabi.o)
                                0x1bc (size before relaxing)
 .debug_str     0x0000125c       0x5b C:/Freescale/CW MCU v10.6/MCU/ARM_GCC_Support/ewl/lib/armv6-m\libc.a(__strtoul.o)
                                0x1fb (size before relaxing)
 .debug_str     0x000012b7       0x25 C:/Freescale/CW MCU v10.6/MCU/ARM_GCC_Support/ewl/lib/armv6-m\libc.a(__filll_mem.o)
                                0x152 (size before relaxing)
 .debug_str     0x000012dc       0x1c C:/Freescale/CW MCU v10.6/MCU/ARM_GCC_Support/ewl/lib/armv6-m\libc.a(memchr.o)
                                0x148 (size before relaxing)
 .debug_str     0x000012f8       0x1c C:/Freescale/CW MCU v10.6/MCU/ARM_GCC_Support/ewl/lib/armv6-m\libc.a(strchr.o)
                                0x137 (size before relaxing)
 .debug_str     0x00001314       0x1c C:/Freescale/CW MCU v10.6/MCU/ARM_GCC_Support/ewl/lib/armv6-m\libc.a(strlen.o)
                                0x140 (size before relaxing)
 .debug_str     0x00001330      0x126 C:/Freescale/CW MCU v10.6/MCU/ARM_GCC_Support/ewl/lib/armv6-m\librt.a(gcc_ctor_dtor.o)
                                0x181 (size before relaxing)
 .debug_str     0x00001456       0xa1 C:/Freescale/CW MCU v10.6/MCU/ARM_GCC_Support/ewl/lib/armv6-m\librt.a(ROMCopy.o)
                                0x13c (size before relaxing)
 .debug_str     0x000014f7       0xf8 C:/Freescale/CW MCU v10.6/MCU/ARM_GCC_Support/ewl/lib/armv6-m\librt.a(__arm_eabi_init.o)
                                0x1b5 (size before relaxing)

.comment        0x00000000       0x79
 .comment       0x00000000       0x79 ./Project_Settings/Startup_Code/kinetis_sysinit.o
                                 0x7a (size before relaxing)
 .comment       0x00000000       0x7a ./Project_Settings/Startup_Code/__arm_start.o
 .comment       0x00000000       0x7a ./Project_Settings/Startup_Code/__arm_end.o
 .comment       0x00000000       0x7a ./Sources/mcg.o
 .comment       0x00000000       0x7a ./Sources/main.o
 .comment       0x00000000       0x7a ./Sources/arm_cm0.o
 .comment       0x00000000       0x7a ./Sources/UART.o
 .comment       0x00000000       0x7a ./Sources/BoardSupport.o
 .comment       0x00000000       0x7a ./Sources/ADCandDAC.o
 .comment       0x00000000       0x7a C:/Freescale/CW MCU v10.6/MCU/ARM_GCC_Support/ewl/lib/armv6-m\libc.a(snprintf.o)
 .comment       0x00000000       0x7a C:/Freescale/CW MCU v10.6/MCU/ARM_GCC_Support/ewl/lib/armv6-m\libc.a(vsnprintf.o)
 .comment       0x00000000       0x7a C:/Freescale/CW MCU v10.6/MCU/ARM_GCC_Support/ewl/lib/armv6-m\libc.a(exit.o)
 .comment       0x00000000       0x7a C:/Freescale/CW MCU v10.6/MCU/ARM_GCC_Support/ewl/lib/armv6-m\libc.a(memcpy.o)
 .comment       0x00000000       0x7a C:/Freescale/CW MCU v10.6/MCU/ARM_GCC_Support/ewl/lib/armv6-m\libc.a(memset.o)
 .comment       0x00000000       0x7a C:/Freescale/CW MCU v10.6/MCU/ARM_GCC_Support/ewl/lib/armv6-m\libc.a(printformat_.o)
 .comment       0x00000000       0x7a C:/Freescale/CW MCU v10.6/MCU/ARM_GCC_Support/ewl/lib/armv6-m\libc.a(scanformat_.o)
 .comment       0x00000000       0x7a C:/Freescale/CW MCU v10.6/MCU/ARM_GCC_Support/ewl/lib/armv6-m\libc.a(ctype_aeabi.o)
 .comment       0x00000000       0x7a C:/Freescale/CW MCU v10.6/MCU/ARM_GCC_Support/ewl/lib/armv6-m\libc.a(__strtoul.o)
 .comment       0x00000000       0x7a C:/Freescale/CW MCU v10.6/MCU/ARM_GCC_Support/ewl/lib/armv6-m\libc.a(__filll_mem.o)
 .comment       0x00000000       0x7a C:/Freescale/CW MCU v10.6/MCU/ARM_GCC_Support/ewl/lib/armv6-m\libc.a(memchr.o)
 .comment       0x00000000       0x7a C:/Freescale/CW MCU v10.6/MCU/ARM_GCC_Support/ewl/lib/armv6-m\libc.a(strchr.o)
 .comment       0x00000000       0x7a C:/Freescale/CW MCU v10.6/MCU/ARM_GCC_Support/ewl/lib/armv6-m\libc.a(strlen.o)
 .comment       0x00000000       0x7a C:/Freescale/CW MCU v10.6/MCU/ARM_GCC_Support/ewl/lib/armv6-m\librt.a(gcc_ctor_dtor.o)
 .comment       0x00000000       0x7a C:/Freescale/CW MCU v10.6/MCU/ARM_GCC_Support/ewl/lib/armv6-m\librt.a(ROMCopy.o)
 .comment       0x00000000       0x7a C:/Freescale/CW MCU v10.6/MCU/ARM_GCC_Support/ewl/lib/armv6-m\librt.a(__arm_eabi_init.o)

.debug_frame    0x00000000      0xe90
 .debug_frame   0x00000000       0x48 ./Project_Settings/Startup_Code/kinetis_sysinit.o
 .debug_frame   0x00000048       0x4c ./Project_Settings/Startup_Code/__arm_start.o
 .debug_frame   0x00000094       0x30 ./Project_Settings/Startup_Code/__arm_end.o
 .debug_frame   0x000000c4      0x3ac ./Sources/mcg.o
 .debug_frame   0x00000470       0xa8 ./Sources/main.o
 .debug_frame   0x00000518       0xc8 ./Sources/arm_cm0.o
 .debug_frame   0x000005e0       0xcc ./Sources/UART.o
 .debug_frame   0x000006ac       0xa8 ./Sources/BoardSupport.o
 .debug_frame   0x00000754       0xc8 ./Sources/ADCandDAC.o
 .debug_frame   0x0000081c       0x30 C:/Freescale/CW MCU v10.6/MCU/ARM_GCC_Support/ewl/lib/armv6-m\libc.a(snprintf.o)
 .debug_frame   0x0000084c       0x4c C:/Freescale/CW MCU v10.6/MCU/ARM_GCC_Support/ewl/lib/armv6-m\libc.a(vsnprintf.o)
 .debug_frame   0x00000898       0x2c C:/Freescale/CW MCU v10.6/MCU/ARM_GCC_Support/ewl/lib/armv6-m\libc.a(exit.o)
 .debug_frame   0x000008c4       0x28 C:/Freescale/CW MCU v10.6/MCU/ARM_GCC_Support/ewl/lib/armv6-m\libc.a(memcpy.o)
 .debug_frame   0x000008ec       0x28 C:/Freescale/CW MCU v10.6/MCU/ARM_GCC_Support/ewl/lib/armv6-m\libc.a(memset.o)
 .debug_frame   0x00000914       0x54 C:/Freescale/CW MCU v10.6/MCU/ARM_GCC_Support/ewl/lib/armv6-m\libc.a(printformat_.o)
 .debug_frame   0x00000968       0x34 C:/Freescale/CW MCU v10.6/MCU/ARM_GCC_Support/ewl/lib/armv6-m\libc.a(scanformat_.o)
 .debug_frame   0x0000099c      0x158 C:/Freescale/CW MCU v10.6/MCU/ARM_GCC_Support/ewl/lib/armv6-m\libc.a(ctype_aeabi.o)
 .debug_frame   0x00000af4       0x30 C:/Freescale/CW MCU v10.6/MCU/ARM_GCC_Support/ewl/lib/armv6-m\libc.a(__strtoul.o)
 .debug_frame   0x00000b24       0x2c C:/Freescale/CW MCU v10.6/MCU/ARM_GCC_Support/ewl/lib/armv6-m\libc.a(__filll_mem.o)
 .debug_frame   0x00000b50       0x28 C:/Freescale/CW MCU v10.6/MCU/ARM_GCC_Support/ewl/lib/armv6-m\libc.a(memchr.o)
 .debug_frame   0x00000b78       0x28 C:/Freescale/CW MCU v10.6/MCU/ARM_GCC_Support/ewl/lib/armv6-m\libc.a(strchr.o)
 .debug_frame   0x00000ba0       0x28 C:/Freescale/CW MCU v10.6/MCU/ARM_GCC_Support/ewl/lib/armv6-m\libc.a(strlen.o)
 .debug_frame   0x00000bc8       0x20 c:/freescale/cw mcu v10.6/cross_tools/arm-none-eabi-gcc-4_7_3/bin/../lib/gcc/arm-none-eabi/4.7.3/armv6-m\libgcc.a(_udivsi3.o)
 .debug_frame   0x00000be8       0x20 c:/freescale/cw mcu v10.6/cross_tools/arm-none-eabi-gcc-4_7_3/bin/../lib/gcc/arm-none-eabi/4.7.3/armv6-m\libgcc.a(_divsi3.o)
 .debug_frame   0x00000c08       0x3c c:/freescale/cw mcu v10.6/cross_tools/arm-none-eabi-gcc-4_7_3/bin/../lib/gcc/arm-none-eabi/4.7.3/armv6-m\libgcc.a(divdf3.o)
 .debug_frame   0x00000c44       0x3c c:/freescale/cw mcu v10.6/cross_tools/arm-none-eabi-gcc-4_7_3/bin/../lib/gcc/arm-none-eabi/4.7.3/armv6-m\libgcc.a(muldf3.o)
 .debug_frame   0x00000c80       0x38 c:/freescale/cw mcu v10.6/cross_tools/arm-none-eabi-gcc-4_7_3/bin/../lib/gcc/arm-none-eabi/4.7.3/armv6-m\libgcc.a(subdf3.o)
 .debug_frame   0x00000cb8       0x2c c:/freescale/cw mcu v10.6/cross_tools/arm-none-eabi-gcc-4_7_3/bin/../lib/gcc/arm-none-eabi/4.7.3/armv6-m\libgcc.a(fixdfsi.o)
 .debug_frame   0x00000ce4       0x30 c:/freescale/cw mcu v10.6/cross_tools/arm-none-eabi-gcc-4_7_3/bin/../lib/gcc/arm-none-eabi/4.7.3/armv6-m\libgcc.a(floatsidf.o)
 .debug_frame   0x00000d14       0x2c c:/freescale/cw mcu v10.6/cross_tools/arm-none-eabi-gcc-4_7_3/bin/../lib/gcc/arm-none-eabi/4.7.3/armv6-m\libgcc.a(floatunsidf.o)
 .debug_frame   0x00000d40       0x40 C:/Freescale/CW MCU v10.6/MCU/ARM_GCC_Support/ewl/lib/armv6-m\librt.a(gcc_ctor_dtor.o)
 .debug_frame   0x00000d80       0x54 C:/Freescale/CW MCU v10.6/MCU/ARM_GCC_Support/ewl/lib/armv6-m\librt.a(ROMCopy.o)
 .debug_frame   0x00000dd4       0xbc C:/Freescale/CW MCU v10.6/MCU/ARM_GCC_Support/ewl/lib/armv6-m\librt.a(__arm_eabi_init.o)
